<?xml version="1.0"?>
<link_info>
   <banner>TI ARM Linker PC v16.9.6.LTS</banner>
   <copyright>Copyright (c) 1996-2017 Texas Instruments Incorporated</copyright>
   <link_time>0x5ad2398e</link_time>
   <link_errors>0x0</link_errors>
   <output_file>CPRE288_FinalProject.out</output_file>
   <entry_point>
      <name>_c_int00</name>
      <address>0x5c8d</address>
   </entry_point>
   <input_file_list>
      <input_file id="fl-2">
         <path>.\</path>
         <kind>object</kind>
         <file>IR.obj</file>
         <name>IR.obj</name>
      </input_file>
      <input_file id="fl-3">
         <path>.\</path>
         <kind>object</kind>
         <file>Servo.obj</file>
         <name>Servo.obj</name>
      </input_file>
      <input_file id="fl-4">
         <path>.\</path>
         <kind>object</kind>
         <file>Sonar.obj</file>
         <name>Sonar.obj</name>
      </input_file>
      <input_file id="fl-5">
         <path>.\</path>
         <kind>object</kind>
         <file>Timer.obj</file>
         <name>Timer.obj</name>
      </input_file>
      <input_file id="fl-6">
         <path>.\</path>
         <kind>object</kind>
         <file>WiFi.obj</file>
         <name>WiFi.obj</name>
      </input_file>
      <input_file id="fl-7">
         <path>.\</path>
         <kind>object</kind>
         <file>ir_sensor.obj</file>
         <name>ir_sensor.obj</name>
      </input_file>
      <input_file id="fl-8">
         <path>.\</path>
         <kind>object</kind>
         <file>lcd.obj</file>
         <name>lcd.obj</name>
      </input_file>
      <input_file id="fl-9">
         <path>.\</path>
         <kind>object</kind>
         <file>main.obj</file>
         <name>main.obj</name>
      </input_file>
      <input_file id="fl-a">
         <path>.\</path>
         <kind>object</kind>
         <file>movement.obj</file>
         <name>movement.obj</name>
      </input_file>
      <input_file id="fl-b">
         <path>.\</path>
         <kind>object</kind>
         <file>open_interface.obj</file>
         <name>open_interface.obj</name>
      </input_file>
      <input_file id="fl-c">
         <path>.\</path>
         <kind>object</kind>
         <file>tm4c123gh6pm_startup_ccs.obj</file>
         <name>tm4c123gh6pm_startup_ccs.obj</name>
      </input_file>
      <input_file id="fl-d">
         <path>.\</path>
         <kind>object</kind>
         <file>uart.obj</file>
         <name>uart.obj</name>
      </input_file>
      <input_file id="fl-12">
         <kind>object</kind>
         <file>&lt;internal&gt;</file>
         <name>&lt;internal&gt;</name>
      </input_file>
      <input_file id="fl-c8">
         <path>C:\ti\ccsv7\tools\compiler\ti-cgt-arm_16.9.6.LTS\lib\</path>
         <kind>archive</kind>
         <file>rtsv7M4_T_le_v4SPD16_eabi.lib</file>
         <name>boot.obj</name>
      </input_file>
      <input_file id="fl-c9">
         <path>C:\ti\ccsv7\tools\compiler\ti-cgt-arm_16.9.6.LTS\lib\</path>
         <kind>archive</kind>
         <file>rtsv7M4_T_le_v4SPD16_eabi.lib</file>
         <name>copy_decompress_lzss.obj</name>
      </input_file>
      <input_file id="fl-ca">
         <path>C:\ti\ccsv7\tools\compiler\ti-cgt-arm_16.9.6.LTS\lib\</path>
         <kind>archive</kind>
         <file>rtsv7M4_T_le_v4SPD16_eabi.lib</file>
         <name>copy_decompress_none.obj</name>
      </input_file>
      <input_file id="fl-cb">
         <path>C:\ti\ccsv7\tools\compiler\ti-cgt-arm_16.9.6.LTS\lib\</path>
         <kind>archive</kind>
         <file>rtsv7M4_T_le_v4SPD16_eabi.lib</file>
         <name>copy_zero_init.obj</name>
      </input_file>
      <input_file id="fl-cc">
         <path>C:\ti\ccsv7\tools\compiler\ti-cgt-arm_16.9.6.LTS\lib\</path>
         <kind>archive</kind>
         <file>rtsv7M4_T_le_v4SPD16_eabi.lib</file>
         <name>e_pow.obj</name>
      </input_file>
      <input_file id="fl-cd">
         <path>C:\ti\ccsv7\tools\compiler\ti-cgt-arm_16.9.6.LTS\lib\</path>
         <kind>archive</kind>
         <file>rtsv7M4_T_le_v4SPD16_eabi.lib</file>
         <name>e_sqrt.obj</name>
      </input_file>
      <input_file id="fl-ce">
         <path>C:\ti\ccsv7\tools\compiler\ti-cgt-arm_16.9.6.LTS\lib\</path>
         <kind>archive</kind>
         <file>rtsv7M4_T_le_v4SPD16_eabi.lib</file>
         <name>errno.obj</name>
      </input_file>
      <input_file id="fl-cf">
         <path>C:\ti\ccsv7\tools\compiler\ti-cgt-arm_16.9.6.LTS\lib\</path>
         <kind>archive</kind>
         <file>rtsv7M4_T_le_v4SPD16_eabi.lib</file>
         <name>exit.obj</name>
      </input_file>
      <input_file id="fl-d0">
         <path>C:\ti\ccsv7\tools\compiler\ti-cgt-arm_16.9.6.LTS\lib\</path>
         <kind>archive</kind>
         <file>rtsv7M4_T_le_v4SPD16_eabi.lib</file>
         <name>fd_add_t2.obj</name>
      </input_file>
      <input_file id="fl-d1">
         <path>C:\ti\ccsv7\tools\compiler\ti-cgt-arm_16.9.6.LTS\lib\</path>
         <kind>archive</kind>
         <file>rtsv7M4_T_le_v4SPD16_eabi.lib</file>
         <name>fd_cmp_t2.obj</name>
      </input_file>
      <input_file id="fl-d2">
         <path>C:\ti\ccsv7\tools\compiler\ti-cgt-arm_16.9.6.LTS\lib\</path>
         <kind>archive</kind>
         <file>rtsv7M4_T_le_v4SPD16_eabi.lib</file>
         <name>fd_div_t2.obj</name>
      </input_file>
      <input_file id="fl-d3">
         <path>C:\ti\ccsv7\tools\compiler\ti-cgt-arm_16.9.6.LTS\lib\</path>
         <kind>archive</kind>
         <file>rtsv7M4_T_le_v4SPD16_eabi.lib</file>
         <name>fd_mul_t2.obj</name>
      </input_file>
      <input_file id="fl-d4">
         <path>C:\ti\ccsv7\tools\compiler\ti-cgt-arm_16.9.6.LTS\lib\</path>
         <kind>archive</kind>
         <file>rtsv7M4_T_le_v4SPD16_eabi.lib</file>
         <name>fd_toi_t2.obj</name>
      </input_file>
      <input_file id="fl-d5">
         <path>C:\ti\ccsv7\tools\compiler\ti-cgt-arm_16.9.6.LTS\lib\</path>
         <kind>archive</kind>
         <file>rtsv7M4_T_le_v4SPD16_eabi.lib</file>
         <name>fd_tos_t2.obj</name>
      </input_file>
      <input_file id="fl-d6">
         <path>C:\ti\ccsv7\tools\compiler\ti-cgt-arm_16.9.6.LTS\lib\</path>
         <kind>archive</kind>
         <file>rtsv7M4_T_le_v4SPD16_eabi.lib</file>
         <name>fs_tod_t2.obj</name>
      </input_file>
      <input_file id="fl-d7">
         <path>C:\ti\ccsv7\tools\compiler\ti-cgt-arm_16.9.6.LTS\lib\</path>
         <kind>archive</kind>
         <file>rtsv7M4_T_le_v4SPD16_eabi.lib</file>
         <name>i_tofd_t2.obj</name>
      </input_file>
      <input_file id="fl-d8">
         <path>C:\ti\ccsv7\tools\compiler\ti-cgt-arm_16.9.6.LTS\lib\</path>
         <kind>archive</kind>
         <file>rtsv7M4_T_le_v4SPD16_eabi.lib</file>
         <name>memcpy_t2.obj</name>
      </input_file>
      <input_file id="fl-d9">
         <path>C:\ti\ccsv7\tools\compiler\ti-cgt-arm_16.9.6.LTS\lib\</path>
         <kind>archive</kind>
         <file>rtsv7M4_T_le_v4SPD16_eabi.lib</file>
         <name>memory.obj</name>
      </input_file>
      <input_file id="fl-da">
         <path>C:\ti\ccsv7\tools\compiler\ti-cgt-arm_16.9.6.LTS\lib\</path>
         <kind>archive</kind>
         <file>rtsv7M4_T_le_v4SPD16_eabi.lib</file>
         <name>memset_t2.obj</name>
      </input_file>
      <input_file id="fl-db">
         <path>C:\ti\ccsv7\tools\compiler\ti-cgt-arm_16.9.6.LTS\lib\</path>
         <kind>archive</kind>
         <file>rtsv7M4_T_le_v4SPD16_eabi.lib</file>
         <name>mpu_init.obj</name>
      </input_file>
      <input_file id="fl-dc">
         <path>C:\ti\ccsv7\tools\compiler\ti-cgt-arm_16.9.6.LTS\lib\</path>
         <kind>archive</kind>
         <file>rtsv7M4_T_le_v4SPD16_eabi.lib</file>
         <name>pre_init.obj</name>
      </input_file>
      <input_file id="fl-dd">
         <path>C:\ti\ccsv7\tools\compiler\ti-cgt-arm_16.9.6.LTS\lib\</path>
         <kind>archive</kind>
         <file>rtsv7M4_T_le_v4SPD16_eabi.lib</file>
         <name>s_scalbn.obj</name>
      </input_file>
      <input_file id="fl-de">
         <path>C:\ti\ccsv7\tools\compiler\ti-cgt-arm_16.9.6.LTS\lib\</path>
         <kind>archive</kind>
         <file>rtsv7M4_T_le_v4SPD16_eabi.lib</file>
         <name>s_sin.obj</name>
      </input_file>
      <input_file id="fl-df">
         <path>C:\ti\ccsv7\tools\compiler\ti-cgt-arm_16.9.6.LTS\lib\</path>
         <kind>archive</kind>
         <file>rtsv7M4_T_le_v4SPD16_eabi.lib</file>
         <name>sprintf.obj</name>
      </input_file>
      <input_file id="fl-e0">
         <path>C:\ti\ccsv7\tools\compiler\ti-cgt-arm_16.9.6.LTS\lib\</path>
         <kind>archive</kind>
         <file>rtsv7M4_T_le_v4SPD16_eabi.lib</file>
         <name>stkdepth_vars.obj</name>
      </input_file>
      <input_file id="fl-e1">
         <path>C:\ti\ccsv7\tools\compiler\ti-cgt-arm_16.9.6.LTS\lib\</path>
         <kind>archive</kind>
         <file>rtsv7M4_T_le_v4SPD16_eabi.lib</file>
         <name>strcmp.obj</name>
      </input_file>
      <input_file id="fl-e2">
         <path>C:\ti\ccsv7\tools\compiler\ti-cgt-arm_16.9.6.LTS\lib\</path>
         <kind>archive</kind>
         <file>rtsv7M4_T_le_v4SPD16_eabi.lib</file>
         <name>strcpy.obj</name>
      </input_file>
      <input_file id="fl-e3">
         <path>C:\ti\ccsv7\tools\compiler\ti-cgt-arm_16.9.6.LTS\lib\</path>
         <kind>archive</kind>
         <file>rtsv7M4_T_le_v4SPD16_eabi.lib</file>
         <name>strlen.obj</name>
      </input_file>
      <input_file id="fl-e4">
         <path>C:\ti\ccsv7\tools\compiler\ti-cgt-arm_16.9.6.LTS\lib\</path>
         <kind>archive</kind>
         <file>rtsv7M4_T_le_v4SPD16_eabi.lib</file>
         <name>time.obj</name>
      </input_file>
      <input_file id="fl-e5">
         <path>C:\ti\ccsv7\tools\compiler\ti-cgt-arm_16.9.6.LTS\lib\</path>
         <kind>archive</kind>
         <file>rtsv7M4_T_le_v4SPD16_eabi.lib</file>
         <name>vsnprintf.obj</name>
      </input_file>
      <input_file id="fl-e6">
         <path>C:\ti\ccsv7\tools\compiler\ti-cgt-arm_16.9.6.LTS\lib\</path>
         <kind>archive</kind>
         <file>rtsv7M4_T_le_v4SPD16_eabi.lib</file>
         <name>_lock.obj</name>
      </input_file>
      <input_file id="fl-e7">
         <path>C:\ti\ccsv7\tools\compiler\ti-cgt-arm_16.9.6.LTS\lib\</path>
         <kind>archive</kind>
         <file>rtsv7M4_T_le_v4SPD16_eabi.lib</file>
         <name>_printfi.obj</name>
      </input_file>
      <input_file id="fl-e8">
         <path>C:\ti\ccsv7\tools\compiler\ti-cgt-arm_16.9.6.LTS\lib\</path>
         <kind>archive</kind>
         <file>rtsv7M4_T_le_v4SPD16_eabi.lib</file>
         <name>args_main.obj</name>
      </input_file>
      <input_file id="fl-e9">
         <path>C:\ti\ccsv7\tools\compiler\ti-cgt-arm_16.9.6.LTS\lib\</path>
         <kind>archive</kind>
         <file>rtsv7M4_T_le_v4SPD16_eabi.lib</file>
         <name>atoi.obj</name>
      </input_file>
      <input_file id="fl-ea">
         <path>C:\ti\ccsv7\tools\compiler\ti-cgt-arm_16.9.6.LTS\lib\</path>
         <kind>archive</kind>
         <file>rtsv7M4_T_le_v4SPD16_eabi.lib</file>
         <name>autoinit.obj</name>
      </input_file>
      <input_file id="fl-eb">
         <path>C:\ti\ccsv7\tools\compiler\ti-cgt-arm_16.9.6.LTS\lib\</path>
         <kind>archive</kind>
         <file>rtsv7M4_T_le_v4SPD16_eabi.lib</file>
         <name>cpy_tbl.obj</name>
      </input_file>
      <input_file id="fl-ec">
         <path>C:\ti\ccsv7\tools\compiler\ti-cgt-arm_16.9.6.LTS\lib\</path>
         <kind>archive</kind>
         <file>rtsv7M4_T_le_v4SPD16_eabi.lib</file>
         <name>ctype.obj</name>
      </input_file>
      <input_file id="fl-ed">
         <path>C:\ti\ccsv7\tools\compiler\ti-cgt-arm_16.9.6.LTS\lib\</path>
         <kind>archive</kind>
         <file>rtsv7M4_T_le_v4SPD16_eabi.lib</file>
         <name>hosttime.obj</name>
      </input_file>
      <input_file id="fl-ee">
         <path>C:\ti\ccsv7\tools\compiler\ti-cgt-arm_16.9.6.LTS\lib\</path>
         <kind>archive</kind>
         <file>rtsv7M4_T_le_v4SPD16_eabi.lib</file>
         <name>k_cos.obj</name>
      </input_file>
      <input_file id="fl-ef">
         <path>C:\ti\ccsv7\tools\compiler\ti-cgt-arm_16.9.6.LTS\lib\</path>
         <kind>archive</kind>
         <file>rtsv7M4_T_le_v4SPD16_eabi.lib</file>
         <name>k_rem_pio2.obj</name>
      </input_file>
      <input_file id="fl-f0">
         <path>C:\ti\ccsv7\tools\compiler\ti-cgt-arm_16.9.6.LTS\lib\</path>
         <kind>archive</kind>
         <file>rtsv7M4_T_le_v4SPD16_eabi.lib</file>
         <name>k_sin.obj</name>
      </input_file>
      <input_file id="fl-f1">
         <path>C:\ti\ccsv7\tools\compiler\ti-cgt-arm_16.9.6.LTS\lib\</path>
         <kind>archive</kind>
         <file>rtsv7M4_T_le_v4SPD16_eabi.lib</file>
         <name>ltoa.obj</name>
      </input_file>
      <input_file id="fl-f2">
         <path>C:\ti\ccsv7\tools\compiler\ti-cgt-arm_16.9.6.LTS\lib\</path>
         <kind>archive</kind>
         <file>rtsv7M4_T_le_v4SPD16_eabi.lib</file>
         <name>memccpy.obj</name>
      </input_file>
      <input_file id="fl-f3">
         <path>C:\ti\ccsv7\tools\compiler\ti-cgt-arm_16.9.6.LTS\lib\</path>
         <kind>archive</kind>
         <file>rtsv7M4_T_le_v4SPD16_eabi.lib</file>
         <name>s_copysign.obj</name>
      </input_file>
      <input_file id="fl-f4">
         <path>C:\ti\ccsv7\tools\compiler\ti-cgt-arm_16.9.6.LTS\lib\</path>
         <kind>archive</kind>
         <file>rtsv7M4_T_le_v4SPD16_eabi.lib</file>
         <name>s_floor.obj</name>
      </input_file>
      <input_file id="fl-f5">
         <path>C:\ti\ccsv7\tools\compiler\ti-cgt-arm_16.9.6.LTS\lib\</path>
         <kind>archive</kind>
         <file>rtsv7M4_T_le_v4SPD16_eabi.lib</file>
         <name>s_frexp.obj</name>
      </input_file>
      <input_file id="fl-f6">
         <path>C:\ti\ccsv7\tools\compiler\ti-cgt-arm_16.9.6.LTS\lib\</path>
         <kind>archive</kind>
         <file>rtsv7M4_T_le_v4SPD16_eabi.lib</file>
         <name>startup.obj</name>
      </input_file>
      <input_file id="fl-f7">
         <path>C:\ti\ccsv7\tools\compiler\ti-cgt-arm_16.9.6.LTS\lib\</path>
         <kind>archive</kind>
         <file>rtsv7M4_T_le_v4SPD16_eabi.lib</file>
         <name>strchr.obj</name>
      </input_file>
      <input_file id="fl-f8">
         <path>C:\ti\ccsv7\tools\compiler\ti-cgt-arm_16.9.6.LTS\lib\</path>
         <kind>archive</kind>
         <file>rtsv7M4_T_le_v4SPD16_eabi.lib</file>
         <name>trgmsg.obj</name>
      </input_file>
      <input_file id="fl-f9">
         <path>C:\ti\ccsv7\tools\compiler\ti-cgt-arm_16.9.6.LTS\lib\</path>
         <kind>archive</kind>
         <file>rtsv7M4_T_le_v4SPD16_eabi.lib</file>
         <name>ull_div_t2.obj</name>
      </input_file>
      <input_file id="fl-fa">
         <path>C:\ti\ccsv7\tools\compiler\ti-cgt-arm_16.9.6.LTS\lib\</path>
         <kind>archive</kind>
         <file>rtsv7M4_T_le_v4SPD16_eabi.lib</file>
         <name>hostopen.obj</name>
      </input_file>
      <input_file id="fl-fb">
         <path>C:\ti\TivaWare_C_Series-2.1.2.111\driverlib\ccs\Debug\</path>
         <kind>archive</kind>
         <file>driverlib.lib</file>
         <name>interrupt.obj</name>
      </input_file>
      <input_file id="fl-fc">
         <path>C:\ti\TivaWare_C_Series-2.1.2.111\driverlib\ccs\Debug\</path>
         <kind>archive</kind>
         <file>driverlib.lib</file>
         <name>cpu.obj</name>
      </input_file>
   </input_file_list>
   <object_component_list>
      <object_component id="oc-f">
         <name>.intvecs</name>
         <load_address>0x0</load_address>
         <run_address>0x0</run_address>
         <size>0x26c</size>
         <input_file_ref idref="fl-c"/>
      </object_component>
      <object_component id="oc-1d0">
         <name>.text</name>
         <load_address>0x26c</load_address>
         <run_address>0x26c</run_address>
         <size>0x113e</size>
         <input_file_ref idref="fl-e7"/>
      </object_component>
      <object_component id="oc-5a">
         <name>.text</name>
         <load_address>0x13aa</load_address>
         <run_address>0x13aa</run_address>
         <size>0x2</size>
         <input_file_ref idref="fl-db"/>
      </object_component>
      <object_component id="oc-128">
         <name>.text</name>
         <load_address>0x13ac</load_address>
         <run_address>0x13ac</run_address>
         <size>0xa84</size>
         <input_file_ref idref="fl-b"/>
      </object_component>
      <object_component id="oc-163">
         <name>.text</name>
         <load_address>0x1e30</load_address>
         <run_address>0x1e30</run_address>
         <size>0x9ac</size>
         <input_file_ref idref="fl-cc"/>
      </object_component>
      <object_component id="oc-1bc">
         <name>.text</name>
         <load_address>0x27dc</load_address>
         <run_address>0x27dc</run_address>
         <size>0x738</size>
         <input_file_ref idref="fl-ef"/>
      </object_component>
      <object_component id="oc-100">
         <name>.text</name>
         <load_address>0x2f14</load_address>
         <run_address>0x2f14</run_address>
         <size>0x5c4</size>
         <input_file_ref idref="fl-de"/>
      </object_component>
      <object_component id="oc-ae">
         <name>.text</name>
         <load_address>0x34d8</load_address>
         <run_address>0x34d8</run_address>
         <size>0x56c</size>
         <input_file_ref idref="fl-9"/>
      </object_component>
      <object_component id="oc-1f8">
         <name>.text</name>
         <load_address>0x3a44</load_address>
         <run_address>0x3a44</run_address>
         <size>0x3d0</size>
         <input_file_ref idref="fl-d9"/>
      </object_component>
      <object_component id="oc-f0">
         <name>.text</name>
         <load_address>0x3e14</load_address>
         <run_address>0x3e14</run_address>
         <size>0x2ec</size>
         <input_file_ref idref="fl-8"/>
      </object_component>
      <object_component id="oc-ea">
         <name>.text</name>
         <load_address>0x4100</load_address>
         <run_address>0x4100</run_address>
         <size>0x230</size>
         <input_file_ref idref="fl-4"/>
      </object_component>
      <object_component id="oc-26d">
         <name>.text</name>
         <load_address>0x4330</load_address>
         <run_address>0x4330</run_address>
         <size>0x1f4</size>
         <input_file_ref idref="fl-f9"/>
      </object_component>
      <object_component id="oc-122">
         <name>.text</name>
         <load_address>0x4524</load_address>
         <run_address>0x4524</run_address>
         <size>0x1ec</size>
         <input_file_ref idref="fl-a"/>
      </object_component>
      <object_component id="oc-1b2">
         <name>.text</name>
         <load_address>0x4710</load_address>
         <run_address>0x4710</run_address>
         <size>0x1b6</size>
         <input_file_ref idref="fl-d0"/>
      </object_component>
      <object_component id="oc-a6">
         <name>.text</name>
         <load_address>0x48c6</load_address>
         <run_address>0x48c6</run_address>
         <size>0x2</size>
         <input_file_ref idref="fl-f6"/>
      </object_component>
      <object_component id="oc-e4">
         <name>.text</name>
         <load_address>0x48c8</load_address>
         <run_address>0x48c8</run_address>
         <size>0x17c</size>
         <input_file_ref idref="fl-2"/>
      </object_component>
      <object_component id="oc-1ac">
         <name>.text</name>
         <load_address>0x4a44</load_address>
         <run_address>0x4a44</run_address>
         <size>0x174</size>
         <input_file_ref idref="fl-f0"/>
      </object_component>
      <object_component id="oc-213">
         <name>.text</name>
         <load_address>0x4bb8</load_address>
         <run_address>0x4bb8</run_address>
         <size>0x170</size>
         <input_file_ref idref="fl-cd"/>
      </object_component>
      <object_component id="oc-de">
         <name>.text</name>
         <load_address>0x4d28</load_address>
         <run_address>0x4d28</run_address>
         <size>0x16c</size>
         <input_file_ref idref="fl-3"/>
      </object_component>
      <object_component id="oc-1c2">
         <name>.text</name>
         <load_address>0x4e94</load_address>
         <run_address>0x4e94</run_address>
         <size>0x16c</size>
         <input_file_ref idref="fl-ee"/>
      </object_component>
      <object_component id="oc-117">
         <name>.text</name>
         <load_address>0x5000</load_address>
         <run_address>0x5000</run_address>
         <size>0x158</size>
         <input_file_ref idref="fl-5"/>
      </object_component>
      <object_component id="oc-111">
         <name>.text</name>
         <load_address>0x5158</load_address>
         <run_address>0x5158</run_address>
         <size>0x154</size>
         <input_file_ref idref="fl-d"/>
      </object_component>
      <object_component id="oc-15a">
         <name>.text</name>
         <load_address>0x52ac</load_address>
         <run_address>0x52ac</run_address>
         <size>0x136</size>
         <input_file_ref idref="fl-d2"/>
      </object_component>
      <object_component id="oc-fb">
         <name>.text</name>
         <load_address>0x53e2</load_address>
         <run_address>0x53e2</run_address>
         <size>0xfc</size>
         <input_file_ref idref="fl-d3"/>
      </object_component>
      <object_component id="oc-224">
         <name>.text</name>
         <load_address>0x54e0</load_address>
         <run_address>0x54e0</run_address>
         <size>0xfc</size>
         <input_file_ref idref="fl-dd"/>
      </object_component>
      <object_component id="oc-258">
         <name>.text</name>
         <load_address>0x55dc</load_address>
         <run_address>0x55dc</run_address>
         <size>0xf8</size>
         <input_file_ref idref="fl-f4"/>
      </object_component>
      <object_component id="oc-42">
         <name>.text</name>
         <load_address>0x56d4</load_address>
         <run_address>0x56d4</run_address>
         <size>0x9c</size>
         <input_file_ref idref="fl-d8"/>
      </object_component>
      <object_component id="oc-2a4">
         <name>.text</name>
         <load_address>0x5770</load_address>
         <run_address>0x5770</run_address>
         <size>0x98</size>
         <input_file_ref idref="fl-ed"/>
      </object_component>
      <object_component id="oc-18e">
         <name>.text</name>
         <load_address>0x5808</load_address>
         <run_address>0x5808</run_address>
         <size>0x88</size>
         <input_file_ref idref="fl-e5"/>
      </object_component>
      <object_component id="oc-1b7">
         <name>.text:__aeabi_cdcmple</name>
         <load_address>0x5890</load_address>
         <run_address>0x5890</run_address>
         <size>0x86</size>
         <input_file_ref idref="fl-d1"/>
      </object_component>
      <object_component id="oc-21f">
         <name>.text:__aeabi_cdrcmple</name>
         <load_address>0x5916</load_address>
         <run_address>0x5916</run_address>
         <size>0x86</size>
         <input_file_ref idref="fl-d1"/>
      </object_component>
      <object_component id="oc-4e">
         <name>.text</name>
         <load_address>0x599c</load_address>
         <run_address>0x599c</run_address>
         <size>0x7a</size>
         <input_file_ref idref="fl-da"/>
      </object_component>
      <object_component id="oc-66">
         <name>.text</name>
         <load_address>0x5a18</load_address>
         <run_address>0x5a18</run_address>
         <size>0x70</size>
         <input_file_ref idref="fl-ea"/>
      </object_component>
      <object_component id="oc-169">
         <name>.text</name>
         <load_address>0x5a88</load_address>
         <run_address>0x5a88</run_address>
         <size>0x6e</size>
         <input_file_ref idref="fl-d5"/>
      </object_component>
      <object_component id="oc-12">
         <name>.text:decompress:lzss</name>
         <load_address>0x5af6</load_address>
         <run_address>0x5af6</run_address>
         <size>0x68</size>
         <input_file_ref idref="fl-c9"/>
      </object_component>
      <object_component id="oc-2fc">
         <name>.text</name>
         <load_address>0x5b60</load_address>
         <run_address>0x5b60</run_address>
         <size>0x68</size>
         <input_file_ref idref="fl-f8"/>
      </object_component>
      <object_component id="oc-27e">
         <name>.text</name>
         <load_address>0x5bc8</load_address>
         <run_address>0x5bc8</run_address>
         <size>0x64</size>
         <input_file_ref idref="fl-f5"/>
      </object_component>
      <object_component id="oc-10b">
         <name>.text</name>
         <load_address>0x5c2c</load_address>
         <run_address>0x5c2c</run_address>
         <size>0x60</size>
         <input_file_ref idref="fl-df"/>
      </object_component>
      <object_component id="oc-24">
         <name>.text</name>
         <load_address>0x5c8c</load_address>
         <run_address>0x5c8c</run_address>
         <size>0x54</size>
         <input_file_ref idref="fl-c8"/>
      </object_component>
      <object_component id="oc-72">
         <name>.text</name>
         <load_address>0x5ce0</load_address>
         <run_address>0x5ce0</run_address>
         <size>0x54</size>
         <input_file_ref idref="fl-cf"/>
      </object_component>
      <object_component id="oc-278">
         <name>.text</name>
         <load_address>0x5d34</load_address>
         <run_address>0x5d34</run_address>
         <size>0x54</size>
         <input_file_ref idref="fl-f1"/>
      </object_component>
      <object_component id="oc-28a">
         <name>.text</name>
         <load_address>0x5d88</load_address>
         <run_address>0x5d88</run_address>
         <size>0x4c</size>
         <input_file_ref idref="fl-e9"/>
      </object_component>
      <object_component id="oc-a0">
         <name>.text</name>
         <load_address>0x5dd4</load_address>
         <run_address>0x5dd4</run_address>
         <size>0x4c</size>
         <input_file_ref idref="fl-eb"/>
      </object_component>
      <object_component id="oc-106">
         <name>.text</name>
         <load_address>0x5e20</load_address>
         <run_address>0x5e20</run_address>
         <size>0x48</size>
         <input_file_ref idref="fl-d4"/>
      </object_component>
      <object_component id="oc-155">
         <name>.text</name>
         <load_address>0x5e68</load_address>
         <run_address>0x5e68</run_address>
         <size>0x38</size>
         <input_file_ref idref="fl-d6"/>
      </object_component>
      <object_component id="oc-16f">
         <name>.text:IntRegister</name>
         <load_address>0x5ea0</load_address>
         <run_address>0x5ea0</run_address>
         <size>0x34</size>
         <input_file_ref idref="fl-fb"/>
      </object_component>
      <object_component id="oc-f6">
         <name>.text</name>
         <load_address>0x5ed4</load_address>
         <run_address>0x5ed4</run_address>
         <size>0x2e</size>
         <input_file_ref idref="fl-d7"/>
      </object_component>
      <object_component id="oc-290">
         <name>.text</name>
         <load_address>0x5f02</load_address>
         <run_address>0x5f02</run_address>
         <size>0x1c</size>
         <input_file_ref idref="fl-f2"/>
      </object_component>
      <object_component id="oc-1fe">
         <name>.text:oi_parseInt</name>
         <load_address>0x5f1e</load_address>
         <run_address>0x5f1e</run_address>
         <size>0x18</size>
         <input_file_ref idref="fl-b"/>
      </object_component>
      <object_component id="oc-6c">
         <name>.text</name>
         <load_address>0x5f38</load_address>
         <run_address>0x5f38</run_address>
         <size>0x18</size>
         <input_file_ref idref="fl-e8"/>
      </object_component>
      <object_component id="oc-194">
         <name>.text</name>
         <load_address>0x5f50</load_address>
         <run_address>0x5f50</run_address>
         <size>0x18</size>
         <input_file_ref idref="fl-e1"/>
      </object_component>
      <object_component id="oc-284">
         <name>.text</name>
         <load_address>0x5f68</load_address>
         <run_address>0x5f68</run_address>
         <size>0x16</size>
         <input_file_ref idref="fl-f7"/>
      </object_component>
      <object_component id="oc-13d">
         <name>.text</name>
         <load_address>0x5f80</load_address>
         <run_address>0x5f80</run_address>
         <size>0x14</size>
         <input_file_ref idref="fl-e6"/>
      </object_component>
      <object_component id="oc-2c4">
         <name>.text</name>
         <load_address>0x5f94</load_address>
         <run_address>0x5f94</run_address>
         <size>0x14</size>
         <input_file_ref idref="fl-f3"/>
      </object_component>
      <object_component id="oc-19a">
         <name>.text</name>
         <load_address>0x5fa8</load_address>
         <run_address>0x5fa8</run_address>
         <size>0x14</size>
         <input_file_ref idref="fl-e2"/>
      </object_component>
      <object_component id="oc-272">
         <name>.text</name>
         <load_address>0x5fbc</load_address>
         <run_address>0x5fbc</run_address>
         <size>0x14</size>
         <input_file_ref idref="fl-e3"/>
      </object_component>
      <object_component id="oc-175">
         <name>.text:IntMasterEnable</name>
         <load_address>0x5fd0</load_address>
         <run_address>0x5fd0</run_address>
         <size>0x10</size>
         <input_file_ref idref="fl-fb"/>
      </object_component>
      <object_component id="oc-187">
         <name>.text:lcd_clear</name>
         <load_address>0x5fe0</load_address>
         <run_address>0x5fe0</run_address>
         <size>0x10</size>
         <input_file_ref idref="fl-8"/>
      </object_component>
      <object_component id="oc-18">
         <name>.text:decompress:none</name>
         <load_address>0x5ff0</load_address>
         <run_address>0x5ff0</run_address>
         <size>0xe</size>
         <input_file_ref idref="fl-ca"/>
      </object_component>
      <object_component id="oc-1d8">
         <name>.text</name>
         <load_address>0x5ffe</load_address>
         <run_address>0x5ffe</run_address>
         <size>0xe</size>
         <input_file_ref idref="fl-e4"/>
      </object_component>
      <object_component id="oc-233">
         <name>.text:CPUcpsie</name>
         <load_address>0x600c</load_address>
         <run_address>0x600c</run_address>
         <size>0xc</size>
         <input_file_ref idref="fl-fc"/>
      </object_component>
      <object_component id="oc-1e">
         <name>.text:decompress:ZI</name>
         <load_address>0x6018</load_address>
         <run_address>0x6018</run_address>
         <size>0xc</size>
         <input_file_ref idref="fl-cb"/>
      </object_component>
      <object_component id="oc-2e">
         <name>.text</name>
         <load_address>0x6024</load_address>
         <run_address>0x6024</run_address>
         <size>0xc</size>
         <input_file_ref idref="fl-c"/>
      </object_component>
      <object_component id="oc-60">
         <name>.text</name>
         <load_address>0x6030</load_address>
         <run_address>0x6030</run_address>
         <size>0x4</size>
         <input_file_ref idref="fl-dc"/>
      </object_component>
      <object_component id="oc-25e">
         <name>.const:$O1$$</name>
         <load_address>0x6038</load_address>
         <run_address>0x6038</run_address>
         <size>0x158</size>
         <input_file_ref idref="fl-ef"/>
      </object_component>
      <object_component id="oc-2ee">
         <name>.const:.string:_ctypes_</name>
         <load_address>0x6190</load_address>
         <run_address>0x6190</run_address>
         <size>0x101</size>
         <input_file_ref idref="fl-ec"/>
      </object_component>
      <object_component id="oc-1a0">
         <name>.const:.string:lineAddress$1</name>
         <load_address>0x6291</load_address>
         <run_address>0x6291</run_address>
         <size>0x4</size>
         <input_file_ref idref="fl-8"/>
      </object_component>
      <object_component id="oc-21c">
         <name>.const:$O1$$</name>
         <load_address>0x6298</load_address>
         <run_address>0x6298</run_address>
         <size>0x30</size>
         <input_file_ref idref="fl-cc"/>
      </object_component>
      <object_component id="oc-206">
         <name>.const:.string:$P$T0$3</name>
         <load_address>0x62c8</load_address>
         <run_address>0x62c8</run_address>
         <size>0xf</size>
         <input_file_ref idref="fl-b"/>
      </object_component>
      <object_component id="oc-1a1">
         <name>.const:.string:lineAddresses$2</name>
         <load_address>0x62d7</load_address>
         <run_address>0x62d7</run_address>
         <size>0x4</size>
         <input_file_ref idref="fl-8"/>
      </object_component>
      <object_component id="oc-354">
         <name>.cinit..data.load</name>
         <load_address>0x62e0</load_address>
         <run_address>0x62e0</run_address>
         <size>0x1c</size>
      </object_component>
      <object_component id="oc-351">
         <name>__TI_handler_table</name>
         <load_address>0x62fc</load_address>
         <run_address>0x62fc</run_address>
         <size>0xc</size>
      </object_component>
      <object_component id="oc-355">
         <name>.cinit..bss.load</name>
         <load_address>0x6308</load_address>
         <run_address>0x6308</run_address>
         <size>0x8</size>
      </object_component>
      <object_component id="oc-353">
         <name>.cinit..vtable.load</name>
         <load_address>0x6310</load_address>
         <run_address>0x6310</run_address>
         <size>0x8</size>
      </object_component>
      <object_component id="oc-352">
         <name>__TI_cinit_table</name>
         <load_address>0x6318</load_address>
         <run_address>0x6318</run_address>
         <size>0x18</size>
      </object_component>
      <object_component id="oc-22e">
         <name>.vtable</name>
         <uninitialized>true</uninitialized>
         <run_address>0x20000000</run_address>
         <size>0x26c</size>
         <input_file_ref idref="fl-fb"/>
      </object_component>
      <object_component id="oc-205">
         <name>.data</name>
         <load_address>0x20002790</load_address>
         <run_address>0x20002790</run_address>
         <size>0x10</size>
         <input_file_ref idref="fl-b"/>
      </object_component>
      <object_component id="oc-219">
         <name>.data</name>
         <load_address>0x200027c0</load_address>
         <run_address>0x200027c0</run_address>
         <size>0x4</size>
         <input_file_ref idref="fl-ce"/>
      </object_component>
      <object_component id="oc-b6">
         <name>.data:$O1$$</name>
         <load_address>0x200027a0</load_address>
         <run_address>0x200027a0</run_address>
         <size>0xc</size>
         <input_file_ref idref="fl-cf"/>
      </object_component>
      <object_component id="oc-2b5">
         <name>.data:$O1$$</name>
         <load_address>0x200027ac</load_address>
         <run_address>0x200027ac</run_address>
         <size>0xc</size>
         <input_file_ref idref="fl-d9"/>
      </object_component>
      <object_component id="oc-78">
         <name>.data</name>
         <load_address>0x200027c4</load_address>
         <run_address>0x200027c4</run_address>
         <size>0x4</size>
         <input_file_ref idref="fl-e0"/>
      </object_component>
      <object_component id="oc-b9">
         <name>.data:$O1$$</name>
         <load_address>0x200027b8</load_address>
         <run_address>0x200027b8</run_address>
         <size>0x8</size>
         <input_file_ref idref="fl-e6"/>
      </object_component>
      <object_component id="oc-1a2">
         <name>.bss:lastbuffer$3</name>
         <uninitialized>true</uninitialized>
         <run_address>0x20002708</run_address>
         <size>0x54</size>
         <input_file_ref idref="fl-8"/>
      </object_component>
      <object_component id="oc-209">
         <name>.bss:firmware$2</name>
         <uninitialized>true</uninitialized>
         <run_address>0x2000275c</run_address>
         <size>0x18</size>
         <input_file_ref idref="fl-b"/>
      </object_component>
      <object_component id="oc-325">
         <name>.bss:_CIOBUF_</name>
         <uninitialized>true</uninitialized>
         <run_address>0x20002548</run_address>
         <size>0x120</size>
         <input_file_ref idref="fl-f8"/>
      </object_component>
      <object_component id="oc-15f">
         <name>.common:pulse_width</name>
         <uninitialized>true</uninitialized>
         <run_address>0x20002784</run_address>
         <size>0x4</size>
      </object_component>
      <object_component id="oc-17b">
         <name>.common:state</name>
         <uninitialized>true</uninitialized>
         <run_address>0x2000278c</run_address>
         <size>0x1</size>
      </object_component>
      <object_component id="oc-17e">
         <name>.common:risingEdge</name>
         <uninitialized>true</uninitialized>
         <run_address>0x20002788</run_address>
         <size>0x4</size>
      </object_component>
      <object_component id="oc-17f">
         <name>.common:fallingEdge</name>
         <uninitialized>true</uninitialized>
         <run_address>0x2000277c</run_address>
         <size>0x4</size>
      </object_component>
      <object_component id="oc-180">
         <name>.common:pulseLength</name>
         <uninitialized>true</uninitialized>
         <run_address>0x20002780</run_address>
         <size>0x4</size>
      </object_component>
      <object_component id="oc-11d">
         <name>.common:ir_distance</name>
         <uninitialized>true</uninitialized>
         <run_address>0x20002270</run_address>
         <size>0x16c</size>
      </object_component>
      <object_component id="oc-120">
         <name>.common:sonar_Distance</name>
         <uninitialized>true</uninitialized>
         <run_address>0x200023dc</run_address>
         <size>0x16c</size>
      </object_component>
      <object_component id="oc-121">
         <name>.common:objects</name>
         <uninitialized>true</uninitialized>
         <run_address>0x20002668</run_address>
         <size>0xa0</size>
      </object_component>
      <object_component id="oc-302">
         <name>.common:parmbuf</name>
         <uninitialized>true</uninitialized>
         <run_address>0x20002774</run_address>
         <size>0x8</size>
      </object_component>
      <object_component id="oc-2b">
         <name>.sysmem</name>
         <uninitialized>true</uninitialized>
         <run_address>0x20001270</run_address>
         <size>0x8</size>
         <input_file_ref idref="fl-d9"/>
      </object_component>
      <object_component id="oc-357">
         <name>.sysmem</name>
         <uninitialized>true</uninitialized>
         <run_address>0x20001270</run_address>
         <size>0x0</size>
      </object_component>
      <object_component id="oc-2a">
         <name>.stack</name>
         <uninitialized>true</uninitialized>
         <run_address>0x2000026c</run_address>
         <size>0x0</size>
         <input_file_ref idref="fl-c8"/>
      </object_component>
      <object_component id="oc-356">
         <name>.stack</name>
         <uninitialized>true</uninitialized>
         <run_address>0x2000026c</run_address>
         <size>0x0</size>
      </object_component>
      <object_component id="oc-253">
         <name>.debug_info</name>
         <load_address>0x0</load_address>
         <run_address>0x0</run_address>
         <size>0x30f</size>
         <input_file_ref idref="fl-2"/>
      </object_component>
      <object_component id="oc-e5">
         <name>.debug_info</name>
         <load_address>0x30f</load_address>
         <run_address>0x30f</run_address>
         <size>0x291</size>
         <input_file_ref idref="fl-2"/>
      </object_component>
      <object_component id="oc-24e">
         <name>.debug_info</name>
         <load_address>0x5a0</load_address>
         <run_address>0x5a0</run_address>
         <size>0xc8</size>
         <input_file_ref idref="fl-2"/>
      </object_component>
      <object_component id="oc-3d">
         <name>.debug_info</name>
         <load_address>0x668</load_address>
         <run_address>0x668</run_address>
         <size>0x84</size>
         <input_file_ref idref="fl-2"/>
      </object_component>
      <object_component id="oc-83">
         <name>.debug_info</name>
         <load_address>0x6ec</load_address>
         <run_address>0x6ec</run_address>
         <size>0x18b</size>
         <input_file_ref idref="fl-2"/>
      </object_component>
      <object_component id="oc-1a5">
         <name>.debug_info</name>
         <load_address>0x877</load_address>
         <run_address>0x877</run_address>
         <size>0x4e</size>
         <input_file_ref idref="fl-2"/>
      </object_component>
      <object_component id="oc-160">
         <name>.debug_info</name>
         <load_address>0x8c5</load_address>
         <run_address>0x8c5</run_address>
         <size>0x2cd</size>
         <input_file_ref idref="fl-3"/>
      </object_component>
      <object_component id="oc-e0">
         <name>.debug_info</name>
         <load_address>0xb92</load_address>
         <run_address>0xb92</run_address>
         <size>0x202</size>
         <input_file_ref idref="fl-3"/>
      </object_component>
      <object_component id="oc-17c">
         <name>.debug_info</name>
         <load_address>0xd94</load_address>
         <run_address>0xd94</run_address>
         <size>0x3b9</size>
         <input_file_ref idref="fl-4"/>
      </object_component>
      <object_component id="oc-eb">
         <name>.debug_info</name>
         <load_address>0x114d</load_address>
         <run_address>0x114d</run_address>
         <size>0x279</size>
         <input_file_ref idref="fl-4"/>
      </object_component>
      <object_component id="oc-1ed">
         <name>.debug_info</name>
         <load_address>0x13c6</load_address>
         <run_address>0x13c6</run_address>
         <size>0x44</size>
         <input_file_ref idref="fl-4"/>
      </object_component>
      <object_component id="oc-182">
         <name>.debug_info</name>
         <load_address>0x140a</load_address>
         <run_address>0x140a</run_address>
         <size>0x8b</size>
         <input_file_ref idref="fl-4"/>
      </object_component>
      <object_component id="oc-1e6">
         <name>.debug_info</name>
         <load_address>0x1495</load_address>
         <run_address>0x1495</run_address>
         <size>0x2c</size>
         <input_file_ref idref="fl-4"/>
      </object_component>
      <object_component id="oc-118">
         <name>.debug_info</name>
         <load_address>0x14c1</load_address>
         <run_address>0x14c1</run_address>
         <size>0x40f</size>
         <input_file_ref idref="fl-5"/>
      </object_component>
      <object_component id="oc-97">
         <name>.debug_info</name>
         <load_address>0x18d0</load_address>
         <run_address>0x18d0</run_address>
         <size>0x2c</size>
         <input_file_ref idref="fl-6"/>
      </object_component>
      <object_component id="oc-1a4">
         <name>.debug_info</name>
         <load_address>0x18fc</load_address>
         <run_address>0x18fc</run_address>
         <size>0x38e</size>
         <input_file_ref idref="fl-8"/>
      </object_component>
      <object_component id="oc-189">
         <name>.debug_info</name>
         <load_address>0x1c8a</load_address>
         <run_address>0x1c8a</run_address>
         <size>0x13f</size>
         <input_file_ref idref="fl-8"/>
      </object_component>
      <object_component id="oc-f2">
         <name>.debug_info</name>
         <load_address>0x1dc9</load_address>
         <run_address>0x1dc9</run_address>
         <size>0x85d</size>
         <input_file_ref idref="fl-8"/>
      </object_component>
      <object_component id="oc-11e">
         <name>.debug_info</name>
         <load_address>0x2626</load_address>
         <run_address>0x2626</run_address>
         <size>0x825</size>
         <input_file_ref idref="fl-9"/>
      </object_component>
      <object_component id="oc-b0">
         <name>.debug_info</name>
         <load_address>0x2e4b</load_address>
         <run_address>0x2e4b</run_address>
         <size>0xa21</size>
         <input_file_ref idref="fl-9"/>
      </object_component>
      <object_component id="oc-1f1">
         <name>.debug_info</name>
         <load_address>0x386c</load_address>
         <run_address>0x386c</run_address>
         <size>0x5aa</size>
         <input_file_ref idref="fl-9"/>
      </object_component>
      <object_component id="oc-12f">
         <name>.debug_info</name>
         <load_address>0x3e16</load_address>
         <run_address>0x3e16</run_address>
         <size>0x7d</size>
         <input_file_ref idref="fl-9"/>
      </object_component>
      <object_component id="oc-1f7">
         <name>.debug_info</name>
         <load_address>0x3e93</load_address>
         <run_address>0x3e93</run_address>
         <size>0x348</size>
         <input_file_ref idref="fl-a"/>
      </object_component>
      <object_component id="oc-123">
         <name>.debug_info</name>
         <load_address>0x41db</load_address>
         <run_address>0x41db</run_address>
         <size>0x5c2</size>
         <input_file_ref idref="fl-a"/>
      </object_component>
      <object_component id="oc-20b">
         <name>.debug_info</name>
         <load_address>0x479d</load_address>
         <run_address>0x479d</run_address>
         <size>0x43f</size>
         <input_file_ref idref="fl-b"/>
      </object_component>
      <object_component id="oc-207">
         <name>.debug_info</name>
         <load_address>0x4bdc</load_address>
         <run_address>0x4bdc</run_address>
         <size>0xf1</size>
         <input_file_ref idref="fl-b"/>
      </object_component>
      <object_component id="oc-1ff">
         <name>.debug_info</name>
         <load_address>0x4ccd</load_address>
         <run_address>0x4ccd</run_address>
         <size>0x169</size>
         <input_file_ref idref="fl-b"/>
      </object_component>
      <object_component id="oc-129">
         <name>.debug_info</name>
         <load_address>0x4e36</load_address>
         <run_address>0x4e36</run_address>
         <size>0x1515</size>
         <input_file_ref idref="fl-b"/>
      </object_component>
      <object_component id="oc-36">
         <name>.debug_info</name>
         <load_address>0x634b</load_address>
         <run_address>0x634b</run_address>
         <size>0x2b4</size>
         <input_file_ref idref="fl-c"/>
      </object_component>
      <object_component id="oc-10">
         <name>.debug_info</name>
         <load_address>0x65ff</load_address>
         <run_address>0x65ff</run_address>
         <size>0x105</size>
         <input_file_ref idref="fl-c"/>
      </object_component>
      <object_component id="oc-2f">
         <name>.debug_info</name>
         <load_address>0x6704</load_address>
         <run_address>0x6704</run_address>
         <size>0x281</size>
         <input_file_ref idref="fl-c"/>
      </object_component>
      <object_component id="oc-1e4">
         <name>.debug_info</name>
         <load_address>0x6985</load_address>
         <run_address>0x6985</run_address>
         <size>0x2ab</size>
         <input_file_ref idref="fl-d"/>
      </object_component>
      <object_component id="oc-112">
         <name>.debug_info</name>
         <load_address>0x6c30</load_address>
         <run_address>0x6c30</run_address>
         <size>0x2f4</size>
         <input_file_ref idref="fl-d"/>
      </object_component>
      <object_component id="oc-1df">
         <name>.debug_info</name>
         <load_address>0x6f24</load_address>
         <run_address>0x6f24</run_address>
         <size>0x17c</size>
         <input_file_ref idref="fl-d"/>
      </object_component>
      <object_component id="oc-27">
         <name>.debug_info</name>
         <load_address>0x70a0</load_address>
         <run_address>0x70a0</run_address>
         <size>0x160</size>
         <input_file_ref idref="fl-c8"/>
      </object_component>
      <object_component id="oc-8d">
         <name>.debug_info</name>
         <load_address>0x7200</load_address>
         <run_address>0x7200</run_address>
         <size>0x293</size>
         <input_file_ref idref="fl-c9"/>
      </object_component>
      <object_component id="oc-13">
         <name>.debug_info</name>
         <load_address>0x7493</load_address>
         <run_address>0x7493</run_address>
         <size>0x245</size>
         <input_file_ref idref="fl-c9"/>
      </object_component>
      <object_component id="oc-38">
         <name>.debug_info</name>
         <load_address>0x76d8</load_address>
         <run_address>0x76d8</run_address>
         <size>0x60</size>
         <input_file_ref idref="fl-c9"/>
      </object_component>
      <object_component id="oc-88">
         <name>.debug_info</name>
         <load_address>0x7738</load_address>
         <run_address>0x7738</run_address>
         <size>0x46</size>
         <input_file_ref idref="fl-c9"/>
      </object_component>
      <object_component id="oc-4d">
         <name>.debug_info</name>
         <load_address>0x777e</load_address>
         <run_address>0x777e</run_address>
         <size>0x2da</size>
         <input_file_ref idref="fl-ca"/>
      </object_component>
      <object_component id="oc-19">
         <name>.debug_info</name>
         <load_address>0x7a58</load_address>
         <run_address>0x7a58</run_address>
         <size>0x1df</size>
         <input_file_ref idref="fl-ca"/>
      </object_component>
      <object_component id="oc-48">
         <name>.debug_info</name>
         <load_address>0x7c37</load_address>
         <run_address>0x7c37</run_address>
         <size>0x46</size>
         <input_file_ref idref="fl-ca"/>
      </object_component>
      <object_component id="oc-8f">
         <name>.debug_info</name>
         <load_address>0x7c7d</load_address>
         <run_address>0x7c7d</run_address>
         <size>0x2c</size>
         <input_file_ref idref="fl-ca"/>
      </object_component>
      <object_component id="oc-59">
         <name>.debug_info</name>
         <load_address>0x7ca9</load_address>
         <run_address>0x7ca9</run_address>
         <size>0x2c9</size>
         <input_file_ref idref="fl-cb"/>
      </object_component>
      <object_component id="oc-1f">
         <name>.debug_info</name>
         <load_address>0x7f72</load_address>
         <run_address>0x7f72</run_address>
         <size>0x1aa</size>
         <input_file_ref idref="fl-cb"/>
      </object_component>
      <object_component id="oc-54">
         <name>.debug_info</name>
         <load_address>0x811c</load_address>
         <run_address>0x811c</run_address>
         <size>0x46</size>
         <input_file_ref idref="fl-cb"/>
      </object_component>
      <object_component id="oc-22b">
         <name>.debug_info</name>
         <load_address>0x8162</load_address>
         <run_address>0x8162</run_address>
         <size>0x39b</size>
         <input_file_ref idref="fl-cc"/>
      </object_component>
      <object_component id="oc-21d">
         <name>.debug_info</name>
         <load_address>0x84fd</load_address>
         <run_address>0x84fd</run_address>
         <size>0x11d</size>
         <input_file_ref idref="fl-cc"/>
      </object_component>
      <object_component id="oc-164">
         <name>.debug_info</name>
         <load_address>0x861a</load_address>
         <run_address>0x861a</run_address>
         <size>0xb75</size>
         <input_file_ref idref="fl-cc"/>
      </object_component>
      <object_component id="oc-1ca">
         <name>.debug_info</name>
         <load_address>0x918f</load_address>
         <run_address>0x918f</run_address>
         <size>0x39</size>
         <input_file_ref idref="fl-cc"/>
      </object_component>
      <object_component id="oc-2be">
         <name>.debug_info</name>
         <load_address>0x91c8</load_address>
         <run_address>0x91c8</run_address>
         <size>0x2e3</size>
         <input_file_ref idref="fl-cd"/>
      </object_component>
      <object_component id="oc-214">
         <name>.debug_info</name>
         <load_address>0x94ab</load_address>
         <run_address>0x94ab</run_address>
         <size>0x240</size>
         <input_file_ref idref="fl-cd"/>
      </object_component>
      <object_component id="oc-21a">
         <name>.debug_info</name>
         <load_address>0x96eb</load_address>
         <run_address>0x96eb</run_address>
         <size>0xf3</size>
         <input_file_ref idref="fl-ce"/>
      </object_component>
      <object_component id="oc-bd">
         <name>.debug_info</name>
         <load_address>0x97de</load_address>
         <run_address>0x97de</run_address>
         <size>0x3ce</size>
         <input_file_ref idref="fl-cf"/>
      </object_component>
      <object_component id="oc-b7">
         <name>.debug_info</name>
         <load_address>0x9bac</load_address>
         <run_address>0x9bac</run_address>
         <size>0x185</size>
         <input_file_ref idref="fl-cf"/>
      </object_component>
      <object_component id="oc-75">
         <name>.debug_info</name>
         <load_address>0x9d31</load_address>
         <run_address>0x9d31</run_address>
         <size>0x214</size>
         <input_file_ref idref="fl-cf"/>
      </object_component>
      <object_component id="oc-1b5">
         <name>.debug_info</name>
         <load_address>0x9f45</load_address>
         <run_address>0x9f45</run_address>
         <size>0x144</size>
         <input_file_ref idref="fl-d0"/>
      </object_component>
      <object_component id="oc-1b9">
         <name>.debug_info</name>
         <load_address>0xa089</load_address>
         <run_address>0xa089</run_address>
         <size>0x120</size>
         <input_file_ref idref="fl-d1"/>
      </object_component>
      <object_component id="oc-221">
         <name>.debug_info</name>
         <load_address>0xa1a9</load_address>
         <run_address>0xa1a9</run_address>
         <size>0x122</size>
         <input_file_ref idref="fl-d1"/>
      </object_component>
      <object_component id="oc-15c">
         <name>.debug_info</name>
         <load_address>0xa2cb</load_address>
         <run_address>0xa2cb</run_address>
         <size>0x132</size>
         <input_file_ref idref="fl-d2"/>
      </object_component>
      <object_component id="oc-fc">
         <name>.debug_info</name>
         <load_address>0xa3fd</load_address>
         <run_address>0xa3fd</run_address>
         <size>0x132</size>
         <input_file_ref idref="fl-d3"/>
      </object_component>
      <object_component id="oc-109">
         <name>.debug_info</name>
         <load_address>0xa52f</load_address>
         <run_address>0xa52f</run_address>
         <size>0x126</size>
         <input_file_ref idref="fl-d4"/>
      </object_component>
      <object_component id="oc-16c">
         <name>.debug_info</name>
         <load_address>0xa655</load_address>
         <run_address>0xa655</run_address>
         <size>0x136</size>
         <input_file_ref idref="fl-d5"/>
      </object_component>
      <object_component id="oc-156">
         <name>.debug_info</name>
         <load_address>0xa78b</load_address>
         <run_address>0xa78b</run_address>
         <size>0x124</size>
         <input_file_ref idref="fl-d6"/>
      </object_component>
      <object_component id="oc-f7">
         <name>.debug_info</name>
         <load_address>0xa8af</load_address>
         <run_address>0xa8af</run_address>
         <size>0x124</size>
         <input_file_ref idref="fl-d7"/>
      </object_component>
      <object_component id="oc-45">
         <name>.debug_info</name>
         <load_address>0xa9d3</load_address>
         <run_address>0xa9d3</run_address>
         <size>0x111</size>
         <input_file_ref idref="fl-d8"/>
      </object_component>
      <object_component id="oc-7e">
         <name>.debug_info</name>
         <load_address>0xaae4</load_address>
         <run_address>0xaae4</run_address>
         <size>0x3bc</size>
         <input_file_ref idref="fl-d9"/>
      </object_component>
      <object_component id="oc-2c">
         <name>.debug_info</name>
         <load_address>0xaea0</load_address>
         <run_address>0xaea0</run_address>
         <size>0x101</size>
         <input_file_ref idref="fl-d9"/>
      </object_component>
      <object_component id="oc-2b6">
         <name>.debug_info</name>
         <load_address>0xafa1</load_address>
         <run_address>0xafa1</run_address>
         <size>0x14c</size>
         <input_file_ref idref="fl-d9"/>
      </object_component>
      <object_component id="oc-1f9">
         <name>.debug_info</name>
         <load_address>0xb0ed</load_address>
         <run_address>0xb0ed</run_address>
         <size>0x885</size>
         <input_file_ref idref="fl-d9"/>
      </object_component>
      <object_component id="oc-c3">
         <name>.debug_info</name>
         <load_address>0xb972</load_address>
         <run_address>0xb972</run_address>
         <size>0x2c</size>
         <input_file_ref idref="fl-d9"/>
      </object_component>
      <object_component id="oc-c8">
         <name>.debug_info</name>
         <load_address>0xb99e</load_address>
         <run_address>0xb99e</run_address>
         <size>0x62</size>
         <input_file_ref idref="fl-d9"/>
      </object_component>
      <object_component id="oc-50">
         <name>.debug_info</name>
         <load_address>0xba00</load_address>
         <run_address>0xba00</run_address>
         <size>0x13f</size>
         <input_file_ref idref="fl-da"/>
      </object_component>
      <object_component id="oc-5c">
         <name>.debug_info</name>
         <load_address>0xbb3f</load_address>
         <run_address>0xbb3f</run_address>
         <size>0x138</size>
         <input_file_ref idref="fl-db"/>
      </object_component>
      <object_component id="oc-61">
         <name>.debug_info</name>
         <load_address>0xbc77</load_address>
         <run_address>0xbc77</run_address>
         <size>0x148</size>
         <input_file_ref idref="fl-dc"/>
      </object_component>
      <object_component id="oc-2cb">
         <name>.debug_info</name>
         <load_address>0xbdbf</load_address>
         <run_address>0xbdbf</run_address>
         <size>0x316</size>
         <input_file_ref idref="fl-dd"/>
      </object_component>
      <object_component id="oc-228">
         <name>.debug_info</name>
         <load_address>0xc0d5</load_address>
         <run_address>0xc0d5</run_address>
         <size>0x1d5</size>
         <input_file_ref idref="fl-dd"/>
      </object_component>
      <object_component id="oc-264">
         <name>.debug_info</name>
         <load_address>0xc2aa</load_address>
         <run_address>0xc2aa</run_address>
         <size>0x2c</size>
         <input_file_ref idref="fl-dd"/>
      </object_component>
      <object_component id="oc-1c9">
         <name>.debug_info</name>
         <load_address>0xc2d6</load_address>
         <run_address>0xc2d6</run_address>
         <size>0x3a5</size>
         <input_file_ref idref="fl-de"/>
      </object_component>
      <object_component id="oc-101">
         <name>.debug_info</name>
         <load_address>0xc67b</load_address>
         <run_address>0xc67b</run_address>
         <size>0x78b</size>
         <input_file_ref idref="fl-de"/>
      </object_component>
      <object_component id="oc-1d7">
         <name>.debug_info</name>
         <load_address>0xce06</load_address>
         <run_address>0xce06</run_address>
         <size>0x355</size>
         <input_file_ref idref="fl-df"/>
      </object_component>
      <object_component id="oc-10c">
         <name>.debug_info</name>
         <load_address>0xd15b</load_address>
         <run_address>0xd15b</run_address>
         <size>0x2e4</size>
         <input_file_ref idref="fl-df"/>
      </object_component>
      <object_component id="oc-23e">
         <name>.debug_info</name>
         <load_address>0xd43f</load_address>
         <run_address>0xd43f</run_address>
         <size>0x2c</size>
         <input_file_ref idref="fl-df"/>
      </object_component>
      <object_component id="oc-79">
         <name>.debug_info</name>
         <load_address>0xd46b</load_address>
         <run_address>0xd46b</run_address>
         <size>0x109</size>
         <input_file_ref idref="fl-e0"/>
      </object_component>
      <object_component id="oc-249">
         <name>.debug_info</name>
         <load_address>0xd574</load_address>
         <run_address>0xd574</run_address>
         <size>0x27f</size>
         <input_file_ref idref="fl-e1"/>
      </object_component>
      <object_component id="oc-195">
         <name>.debug_info</name>
         <load_address>0xd7f3</load_address>
         <run_address>0xd7f3</run_address>
         <size>0x258</size>
         <input_file_ref idref="fl-e1"/>
      </object_component>
      <object_component id="oc-24b">
         <name>.debug_info</name>
         <load_address>0xda4b</load_address>
         <run_address>0xda4b</run_address>
         <size>0x28a</size>
         <input_file_ref idref="fl-e2"/>
      </object_component>
      <object_component id="oc-19e">
         <name>.debug_info</name>
         <load_address>0xdcd5</load_address>
         <run_address>0xdcd5</run_address>
         <size>0x231</size>
         <input_file_ref idref="fl-e2"/>
      </object_component>
      <object_component id="oc-2e7">
         <name>.debug_info</name>
         <load_address>0xdf06</load_address>
         <run_address>0xdf06</run_address>
         <size>0x284</size>
         <input_file_ref idref="fl-e3"/>
      </object_component>
      <object_component id="oc-276">
         <name>.debug_info</name>
         <load_address>0xe18a</load_address>
         <run_address>0xe18a</run_address>
         <size>0x22a</size>
         <input_file_ref idref="fl-e3"/>
      </object_component>
      <object_component id="oc-2b0">
         <name>.debug_info</name>
         <load_address>0xe3b4</load_address>
         <run_address>0xe3b4</run_address>
         <size>0x299</size>
         <input_file_ref idref="fl-e4"/>
      </object_component>
      <object_component id="oc-1db">
         <name>.debug_info</name>
         <load_address>0xe64d</load_address>
         <run_address>0xe64d</run_address>
         <size>0x176</size>
         <input_file_ref idref="fl-e4"/>
      </object_component>
      <object_component id="oc-2ab">
         <name>.debug_info</name>
         <load_address>0xe7c3</load_address>
         <run_address>0xe7c3</run_address>
         <size>0x39</size>
         <input_file_ref idref="fl-e4"/>
      </object_component>
      <object_component id="oc-23d">
         <name>.debug_info</name>
         <load_address>0xe7fc</load_address>
         <run_address>0xe7fc</run_address>
         <size>0x362</size>
         <input_file_ref idref="fl-e5"/>
      </object_component>
      <object_component id="oc-192">
         <name>.debug_info</name>
         <load_address>0xeb5e</load_address>
         <run_address>0xeb5e</run_address>
         <size>0x35c</size>
         <input_file_ref idref="fl-e5"/>
      </object_component>
      <object_component id="oc-243">
         <name>.debug_info</name>
         <load_address>0xeeba</load_address>
         <run_address>0xeeba</run_address>
         <size>0x69</size>
         <input_file_ref idref="fl-e5"/>
      </object_component>
      <object_component id="oc-145">
         <name>.debug_info</name>
         <load_address>0xef23</load_address>
         <run_address>0xef23</run_address>
         <size>0x2be</size>
         <input_file_ref idref="fl-e6"/>
      </object_component>
      <object_component id="oc-ba">
         <name>.debug_info</name>
         <load_address>0xf1e1</load_address>
         <run_address>0xf1e1</run_address>
         <size>0x113</size>
         <input_file_ref idref="fl-e6"/>
      </object_component>
      <object_component id="oc-13f">
         <name>.debug_info</name>
         <load_address>0xf2f4</load_address>
         <run_address>0xf2f4</run_address>
         <size>0x21f</size>
         <input_file_ref idref="fl-e6"/>
      </object_component>
      <object_component id="oc-297">
         <name>.debug_info</name>
         <load_address>0xf513</load_address>
         <run_address>0xf513</run_address>
         <size>0x51f</size>
         <input_file_ref idref="fl-e7"/>
      </object_component>
      <object_component id="oc-1d1">
         <name>.debug_info</name>
         <load_address>0xfa32</load_address>
         <run_address>0xfa32</run_address>
         <size>0x1543</size>
         <input_file_ref idref="fl-e7"/>
      </object_component>
      <object_component id="oc-298">
         <name>.debug_info</name>
         <load_address>0x10f75</load_address>
         <run_address>0x10f75</run_address>
         <size>0x86</size>
         <input_file_ref idref="fl-e7"/>
      </object_component>
      <object_component id="oc-2f7">
         <name>.debug_info</name>
         <load_address>0x10ffb</load_address>
         <run_address>0x10ffb</run_address>
         <size>0x46</size>
         <input_file_ref idref="fl-e7"/>
      </object_component>
      <object_component id="oc-29d">
         <name>.debug_info</name>
         <load_address>0x11041</load_address>
         <run_address>0x11041</run_address>
         <size>0x39</size>
         <input_file_ref idref="fl-e7"/>
      </object_component>
      <object_component id="oc-b5">
         <name>.debug_info</name>
         <load_address>0x1107a</load_address>
         <run_address>0x1107a</run_address>
         <size>0x300</size>
         <input_file_ref idref="fl-e8"/>
      </object_component>
      <object_component id="oc-70">
         <name>.debug_info</name>
         <load_address>0x1137a</load_address>
         <run_address>0x1137a</run_address>
         <size>0x167</size>
         <input_file_ref idref="fl-e8"/>
      </object_component>
      <object_component id="oc-136">
         <name>.debug_info</name>
         <load_address>0x114e1</load_address>
         <run_address>0x114e1</run_address>
         <size>0x5e</size>
         <input_file_ref idref="fl-e8"/>
      </object_component>
      <object_component id="oc-2f2">
         <name>.debug_info</name>
         <load_address>0x1153f</load_address>
         <run_address>0x1153f</run_address>
         <size>0x2ae</size>
         <input_file_ref idref="fl-e9"/>
      </object_component>
      <object_component id="oc-28b">
         <name>.debug_info</name>
         <load_address>0x117ed</load_address>
         <run_address>0x117ed</run_address>
         <size>0x171</size>
         <input_file_ref idref="fl-e9"/>
      </object_component>
      <object_component id="oc-ad">
         <name>.debug_info</name>
         <load_address>0x1195e</load_address>
         <run_address>0x1195e</run_address>
         <size>0x483</size>
         <input_file_ref idref="fl-ea"/>
      </object_component>
      <object_component id="oc-69">
         <name>.debug_info</name>
         <load_address>0x11de1</load_address>
         <run_address>0x11de1</run_address>
         <size>0x190</size>
         <input_file_ref idref="fl-ea"/>
      </object_component>
      <object_component id="oc-d4">
         <name>.debug_info</name>
         <load_address>0x11f71</load_address>
         <run_address>0x11f71</run_address>
         <size>0x39</size>
         <input_file_ref idref="fl-ea"/>
      </object_component>
      <object_component id="oc-150">
         <name>.debug_info</name>
         <load_address>0x11faa</load_address>
         <run_address>0x11faa</run_address>
         <size>0x39</size>
         <input_file_ref idref="fl-ea"/>
      </object_component>
      <object_component id="oc-d9">
         <name>.debug_info</name>
         <load_address>0x11fe3</load_address>
         <run_address>0x11fe3</run_address>
         <size>0xcd</size>
         <input_file_ref idref="fl-ea"/>
      </object_component>
      <object_component id="oc-d0">
         <name>.debug_info</name>
         <load_address>0x120b0</load_address>
         <run_address>0x120b0</run_address>
         <size>0x37a</size>
         <input_file_ref idref="fl-eb"/>
      </object_component>
      <object_component id="oc-a1">
         <name>.debug_info</name>
         <load_address>0x1242a</load_address>
         <run_address>0x1242a</run_address>
         <size>0x183</size>
         <input_file_ref idref="fl-eb"/>
      </object_component>
      <object_component id="oc-14b">
         <name>.debug_info</name>
         <load_address>0x125ad</load_address>
         <run_address>0x125ad</run_address>
         <size>0x2c</size>
         <input_file_ref idref="fl-eb"/>
      </object_component>
      <object_component id="oc-320">
         <name>.debug_info</name>
         <load_address>0x125d9</load_address>
         <run_address>0x125d9</run_address>
         <size>0xee</size>
         <input_file_ref idref="fl-ec"/>
      </object_component>
      <object_component id="oc-2ef">
         <name>.debug_info</name>
         <load_address>0x126c7</load_address>
         <run_address>0x126c7</run_address>
         <size>0xfa</size>
         <input_file_ref idref="fl-ec"/>
      </object_component>
      <object_component id="oc-2a5">
         <name>.debug_info</name>
         <load_address>0x127c1</load_address>
         <run_address>0x127c1</run_address>
         <size>0x20f</size>
         <input_file_ref idref="fl-ed"/>
      </object_component>
      <object_component id="oc-306">
         <name>.debug_info</name>
         <load_address>0x129d0</load_address>
         <run_address>0x129d0</run_address>
         <size>0x46</size>
         <input_file_ref idref="fl-ed"/>
      </object_component>
      <object_component id="oc-26a">
         <name>.debug_info</name>
         <load_address>0x12a16</load_address>
         <run_address>0x12a16</run_address>
         <size>0x278</size>
         <input_file_ref idref="fl-ee"/>
      </object_component>
      <object_component id="oc-1c6">
         <name>.debug_info</name>
         <load_address>0x12c8e</load_address>
         <run_address>0x12c8e</run_address>
         <size>0x31c</size>
         <input_file_ref idref="fl-ee"/>
      </object_component>
      <object_component id="oc-262">
         <name>.debug_info</name>
         <load_address>0x12faa</load_address>
         <run_address>0x12faa</run_address>
         <size>0x39a</size>
         <input_file_ref idref="fl-ef"/>
      </object_component>
      <object_component id="oc-25f">
         <name>.debug_info</name>
         <load_address>0x13344</load_address>
         <run_address>0x13344</run_address>
         <size>0x12f</size>
         <input_file_ref idref="fl-ef"/>
      </object_component>
      <object_component id="oc-1c0">
         <name>.debug_info</name>
         <load_address>0x13473</load_address>
         <run_address>0x13473</run_address>
         <size>0x724</size>
         <input_file_ref idref="fl-ef"/>
      </object_component>
      <object_component id="oc-255">
         <name>.debug_info</name>
         <load_address>0x13b97</load_address>
         <run_address>0x13b97</run_address>
         <size>0x27d</size>
         <input_file_ref idref="fl-f0"/>
      </object_component>
      <object_component id="oc-1ad">
         <name>.debug_info</name>
         <load_address>0x13e14</load_address>
         <run_address>0x13e14</run_address>
         <size>0x375</size>
         <input_file_ref idref="fl-f0"/>
      </object_component>
      <object_component id="oc-2e9">
         <name>.debug_info</name>
         <load_address>0x14189</load_address>
         <run_address>0x14189</run_address>
         <size>0x2e6</size>
         <input_file_ref idref="fl-f1"/>
      </object_component>
      <object_component id="oc-27b">
         <name>.debug_info</name>
         <load_address>0x1446f</load_address>
         <run_address>0x1446f</run_address>
         <size>0x1c2</size>
         <input_file_ref idref="fl-f1"/>
      </object_component>
      <object_component id="oc-2f4">
         <name>.debug_info</name>
         <load_address>0x14631</load_address>
         <run_address>0x14631</run_address>
         <size>0x28b</size>
         <input_file_ref idref="fl-f2"/>
      </object_component>
      <object_component id="oc-293">
         <name>.debug_info</name>
         <load_address>0x148bc</load_address>
         <run_address>0x148bc</run_address>
         <size>0x1ab</size>
         <input_file_ref idref="fl-f2"/>
      </object_component>
      <object_component id="oc-2c6">
         <name>.debug_info</name>
         <load_address>0x14a67</load_address>
         <run_address>0x14a67</run_address>
         <size>0x156</size>
         <input_file_ref idref="fl-f3"/>
      </object_component>
      <object_component id="oc-2de">
         <name>.debug_info</name>
         <load_address>0x14bbd</load_address>
         <run_address>0x14bbd</run_address>
         <size>0x2ce</size>
         <input_file_ref idref="fl-f4"/>
      </object_component>
      <object_component id="oc-25a">
         <name>.debug_info</name>
         <load_address>0x14e8b</load_address>
         <run_address>0x14e8b</run_address>
         <size>0x21f</size>
         <input_file_ref idref="fl-f4"/>
      </object_component>
      <object_component id="oc-2eb">
         <name>.debug_info</name>
         <load_address>0x150aa</load_address>
         <run_address>0x150aa</run_address>
         <size>0x2d9</size>
         <input_file_ref idref="fl-f5"/>
      </object_component>
      <object_component id="oc-282">
         <name>.debug_info</name>
         <load_address>0x15383</load_address>
         <run_address>0x15383</run_address>
         <size>0x18a</size>
         <input_file_ref idref="fl-f5"/>
      </object_component>
      <object_component id="oc-a7">
         <name>.debug_info</name>
         <load_address>0x1550d</load_address>
         <run_address>0x1550d</run_address>
         <size>0x145</size>
         <input_file_ref idref="fl-f6"/>
      </object_component>
      <object_component id="oc-2ed">
         <name>.debug_info</name>
         <load_address>0x15652</load_address>
         <run_address>0x15652</run_address>
         <size>0x28f</size>
         <input_file_ref idref="fl-f7"/>
      </object_component>
      <object_component id="oc-288">
         <name>.debug_info</name>
         <load_address>0x158e1</load_address>
         <run_address>0x158e1</run_address>
         <size>0x244</size>
         <input_file_ref idref="fl-f7"/>
      </object_component>
      <object_component id="oc-329">
         <name>.debug_info</name>
         <load_address>0x15b25</load_address>
         <run_address>0x15b25</run_address>
         <size>0x2b0</size>
         <input_file_ref idref="fl-f8"/>
      </object_component>
      <object_component id="oc-326">
         <name>.debug_info</name>
         <load_address>0x15dd5</load_address>
         <run_address>0x15dd5</run_address>
         <size>0xfd</size>
         <input_file_ref idref="fl-f8"/>
      </object_component>
      <object_component id="oc-300">
         <name>.debug_info</name>
         <load_address>0x15ed2</load_address>
         <run_address>0x15ed2</run_address>
         <size>0x281</size>
         <input_file_ref idref="fl-f8"/>
      </object_component>
      <object_component id="oc-26e">
         <name>.debug_info</name>
         <load_address>0x16153</load_address>
         <run_address>0x16153</run_address>
         <size>0x17d</size>
         <input_file_ref idref="fl-f9"/>
      </object_component>
      <object_component id="oc-303">
         <name>.debug_info</name>
         <load_address>0x162d0</load_address>
         <run_address>0x162d0</run_address>
         <size>0x3cb</size>
         <input_file_ref idref="fl-fa"/>
      </object_component>
      <object_component id="oc-232">
         <name>.debug_info</name>
         <load_address>0x1669b</load_address>
         <run_address>0x1669b</run_address>
         <size>0x20e</size>
         <input_file_ref idref="fl-fb"/>
      </object_component>
      <object_component id="oc-22f">
         <name>.debug_info</name>
         <load_address>0x168a9</load_address>
         <run_address>0x168a9</run_address>
         <size>0x157</size>
         <input_file_ref idref="fl-fb"/>
      </object_component>
      <object_component id="oc-171">
         <name>.debug_info</name>
         <load_address>0x16a00</load_address>
         <run_address>0x16a00</run_address>
         <size>0x2c1</size>
         <input_file_ref idref="fl-fb"/>
      </object_component>
      <object_component id="oc-176">
         <name>.debug_info</name>
         <load_address>0x16cc1</load_address>
         <run_address>0x16cc1</run_address>
         <size>0x23e</size>
         <input_file_ref idref="fl-fb"/>
      </object_component>
      <object_component id="oc-236">
         <name>.debug_info</name>
         <load_address>0x16eff</load_address>
         <run_address>0x16eff</run_address>
         <size>0x212</size>
         <input_file_ref idref="fl-fc"/>
      </object_component>
      <object_component id="oc-358">
         <name>.debug_info</name>
         <load_address>0x17111</load_address>
         <run_address>0x17111</run_address>
         <size>0xbb</size>
      </object_component>
      <object_component id="oc-2da">
         <name>.debug_line</name>
         <load_address>0x0</load_address>
         <run_address>0x0</run_address>
         <size>0x71</size>
         <input_file_ref idref="fl-2"/>
      </object_component>
      <object_component id="oc-e9">
         <name>.debug_line</name>
         <load_address>0x71</load_address>
         <run_address>0x71</run_address>
         <size>0xb1</size>
         <input_file_ref idref="fl-2"/>
      </object_component>
      <object_component id="oc-251">
         <name>.debug_line</name>
         <load_address>0x122</load_address>
         <run_address>0x122</run_address>
         <size>0x64</size>
         <input_file_ref idref="fl-2"/>
      </object_component>
      <object_component id="oc-40">
         <name>.debug_line</name>
         <load_address>0x186</load_address>
         <run_address>0x186</run_address>
         <size>0x20</size>
         <input_file_ref idref="fl-2"/>
      </object_component>
      <object_component id="oc-86">
         <name>.debug_line</name>
         <load_address>0x1a6</load_address>
         <run_address>0x1a6</run_address>
         <size>0x65</size>
         <input_file_ref idref="fl-2"/>
      </object_component>
      <object_component id="oc-1a8">
         <name>.debug_line</name>
         <load_address>0x20b</load_address>
         <run_address>0x20b</run_address>
         <size>0x65</size>
         <input_file_ref idref="fl-2"/>
      </object_component>
      <object_component id="oc-212">
         <name>.debug_line</name>
         <load_address>0x270</load_address>
         <run_address>0x270</run_address>
         <size>0x3c</size>
         <input_file_ref idref="fl-3"/>
      </object_component>
      <object_component id="oc-df">
         <name>.debug_line</name>
         <load_address>0x2ac</load_address>
         <run_address>0x2ac</run_address>
         <size>0x74</size>
         <input_file_ref idref="fl-3"/>
      </object_component>
      <object_component id="oc-23b">
         <name>.debug_line</name>
         <load_address>0x320</load_address>
[...]
         <object_component_ref idref="oc-122"/>
      </symbol>
      <symbol id="sm-1b7">
         <name>move_backward</name>
         <value>0x463d</value>
         <object_component_ref idref="oc-122"/>
      </symbol>
      <symbol id="sm-262">
         <name>go_charge</name>
         <value>0x1a51</value>
         <object_component_ref idref="oc-128"/>
      </symbol>
      <symbol id="sm-263">
         <name>GPIOF_Handler</name>
         <value>0x1ca3</value>
         <object_component_ref idref="oc-128"/>
      </symbol>
      <symbol id="sm-264">
         <name>getDegrees</name>
         <value>0x1cc5</value>
         <object_component_ref idref="oc-128"/>
      </symbol>
      <symbol id="sm-265">
         <name>oi_free</name>
         <value>0x13b9</value>
         <object_component_ref idref="oc-128"/>
      </symbol>
      <symbol id="sm-266">
         <name>oi_uartReceive</name>
         <value>0x1b03</value>
         <object_component_ref idref="oc-128"/>
      </symbol>
      <symbol id="sm-267">
         <name>oi_setWheels</name>
         <value>0x19a5</value>
         <object_component_ref idref="oc-128"/>
      </symbol>
      <symbol id="sm-268">
         <name>oi_shutoff_init</name>
         <value>0x1c31</value>
         <object_component_ref idref="oc-128"/>
      </symbol>
      <symbol id="sm-269">
         <name>oi_parseInt</name>
         <value>0x5f1f</value>
         <object_component_ref idref="oc-1fe"/>
      </symbol>
      <symbol id="sm-26a">
         <name>oi_uartSendStr</name>
         <value>0x1b2b</value>
         <object_component_ref idref="oc-128"/>
      </symbol>
      <symbol id="sm-26b">
         <name>oi_close</name>
         <value>0x1403</value>
         <object_component_ref idref="oc-128"/>
      </symbol>
      <symbol id="sm-26c">
         <name>oi_uartSendBuff</name>
         <value>0x1b49</value>
         <object_component_ref idref="oc-128"/>
      </symbol>
      <symbol id="sm-26d">
         <name>oi_checkFirmware</name>
         <value>0x1b7b</value>
         <object_component_ref idref="oc-128"/>
      </symbol>
      <symbol id="sm-26e">
         <name>oi_init_noupdate</name>
         <value>0x13c9</value>
         <object_component_ref idref="oc-128"/>
      </symbol>
      <symbol id="sm-26f">
         <name>oi_uartSendChar</name>
         <value>0x1ae7</value>
         <object_component_ref idref="oc-128"/>
      </symbol>
      <symbol id="sm-270">
         <name>oi_alloc</name>
         <value>0x13ad</value>
         <object_component_ref idref="oc-128"/>
      </symbol>
      <symbol id="sm-271">
         <name>oi_loadSong</name>
         <value>0x19e7</value>
         <object_component_ref idref="oc-128"/>
      </symbol>
      <symbol id="sm-272">
         <name>oi_play_song</name>
         <value>0x1a3d</value>
         <object_component_ref idref="oc-128"/>
      </symbol>
      <symbol id="sm-273">
         <name>oi_parsePacket</name>
         <value>0x1467</value>
         <object_component_ref idref="oc-128"/>
      </symbol>
      <symbol id="sm-274">
         <name>oi_setLeds</name>
         <value>0x1961</value>
         <object_component_ref idref="oc-128"/>
      </symbol>
      <symbol id="sm-275">
         <name>oi_init</name>
         <value>0x13ed</value>
         <object_component_ref idref="oc-128"/>
      </symbol>
      <symbol id="sm-276">
         <name>oi_update</name>
         <value>0x1415</value>
         <object_component_ref idref="oc-128"/>
      </symbol>
      <symbol id="sm-277">
         <name>oi_uartInit</name>
         <value>0x1a5f</value>
         <object_component_ref idref="oc-128"/>
      </symbol>
      <symbol id="sm-293">
         <name>ResetISR</name>
         <value>0x6025</value>
         <object_component_ref idref="oc-2e"/>
      </symbol>
      <symbol id="sm-294">
         <name>g_pfnVectors</name>
         <value>0x0</value>
         <object_component_ref idref="oc-f"/>
      </symbol>
      <symbol id="sm-2bd">
         <name>uart_sendChar</name>
         <value>0x51e1</value>
         <object_component_ref idref="oc-111"/>
      </symbol>
      <symbol id="sm-2be">
         <name>uart_init</name>
         <value>0x5159</value>
         <object_component_ref idref="oc-111"/>
      </symbol>
      <symbol id="sm-2bf">
         <name>uart_receive</name>
         <value>0x51fd</value>
         <object_component_ref idref="oc-111"/>
      </symbol>
      <symbol id="sm-2c0">
         <name>uart_sendStr</name>
         <value>0x524f</value>
         <object_component_ref idref="oc-111"/>
      </symbol>
      <symbol id="sm-2d1">
         <name>_c_int00</name>
         <value>0x5c8d</value>
         <object_component_ref idref="oc-24"/>
      </symbol>
      <symbol id="sm-2d2">
         <name>__stack</name>
         <value>0x2000026c</value>
         <object_component_ref idref="oc-2a"/>
      </symbol>
      <symbol id="sm-2f0">
         <name>__TI_decompress_lzss</name>
         <value>0x5af7</value>
         <object_component_ref idref="oc-12"/>
      </symbol>
      <symbol id="sm-307">
         <name>__TI_decompress_none</name>
         <value>0x5ff1</value>
         <object_component_ref idref="oc-18"/>
      </symbol>
      <symbol id="sm-319">
         <name>__TI_zero_init</name>
         <value>0x6019</value>
         <object_component_ref idref="oc-1e"/>
      </symbol>
      <symbol id="sm-3ac">
         <name>pow</name>
         <value>0x1e31</value>
         <object_component_ref idref="oc-163"/>
      </symbol>
      <symbol id="sm-3ad">
         <name>powl</name>
         <value>0x1e31</value>
         <object_component_ref idref="oc-163"/>
      </symbol>
      <symbol id="sm-3d1">
         <name>sqrtl</name>
         <value>0x4bb9</value>
         <object_component_ref idref="oc-213"/>
      </symbol>
      <symbol id="sm-3d2">
         <name>sqrt</name>
         <value>0x4bb9</value>
         <object_component_ref idref="oc-213"/>
      </symbol>
      <symbol id="sm-3da">
         <name>errno</name>
         <value>0x200027c0</value>
         <object_component_ref idref="oc-219"/>
      </symbol>
      <symbol id="sm-3fb">
         <name>C$$EXIT</name>
         <value>0x5ce1</value>
         <object_component_ref idref="oc-72"/>
      </symbol>
      <symbol id="sm-3fc">
         <name>abort</name>
         <value>0x5ce5</value>
         <object_component_ref idref="oc-72"/>
      </symbol>
      <symbol id="sm-3fd">
         <name>exit</name>
         <value>0x5ced</value>
         <object_component_ref idref="oc-72"/>
      </symbol>
      <symbol id="sm-3fe">
         <name>__TI_dtors_ptr</name>
         <value>0x200027a4</value>
         <object_component_ref idref="oc-b6"/>
      </symbol>
      <symbol id="sm-3ff">
         <name>__TI_cleanup_ptr</name>
         <value>0x200027a0</value>
         <object_component_ref idref="oc-b6"/>
      </symbol>
      <symbol id="sm-400">
         <name>__TI_enable_exit_profile_output</name>
         <value>0x200027a8</value>
         <object_component_ref idref="oc-b6"/>
      </symbol>
      <symbol id="sm-417">
         <name>__aeabi_dsub</name>
         <value>0x4711</value>
         <object_component_ref idref="oc-1b2"/>
      </symbol>
      <symbol id="sm-418">
         <name>__aeabi_dadd</name>
         <value>0x471b</value>
         <object_component_ref idref="oc-1b2"/>
      </symbol>
      <symbol id="sm-43a">
         <name>__aeabi_cdcmpeq</name>
         <value>0x5891</value>
         <object_component_ref idref="oc-1b7"/>
      </symbol>
      <symbol id="sm-43b">
         <name>__aeabi_cdcmple</name>
         <value>0x5891</value>
         <object_component_ref idref="oc-1b7"/>
      </symbol>
      <symbol id="sm-43c">
         <name>__aeabi_cdrcmple</name>
         <value>0x5917</value>
         <object_component_ref idref="oc-21f"/>
      </symbol>
      <symbol id="sm-450">
         <name>__aeabi_ddiv</name>
         <value>0x52ad</value>
         <object_component_ref idref="oc-15a"/>
      </symbol>
      <symbol id="sm-45b">
         <name>__aeabi_dmul</name>
         <value>0x53e3</value>
         <object_component_ref idref="oc-fb"/>
      </symbol>
      <symbol id="sm-465">
         <name>__aeabi_d2iz</name>
         <value>0x5e21</value>
         <object_component_ref idref="oc-106"/>
      </symbol>
      <symbol id="sm-471">
         <name>__aeabi_d2f</name>
         <value>0x5a89</value>
         <object_component_ref idref="oc-169"/>
      </symbol>
      <symbol id="sm-47c">
         <name>__aeabi_f2d</name>
         <value>0x5e69</value>
         <object_component_ref idref="oc-155"/>
      </symbol>
      <symbol id="sm-486">
         <name>__aeabi_i2d</name>
         <value>0x5ed5</value>
         <object_component_ref idref="oc-f6"/>
      </symbol>
      <symbol id="sm-4a1">
         <name>memcpy</name>
         <value>0x56d5</value>
         <object_component_ref idref="oc-42"/>
      </symbol>
      <symbol id="sm-4a2">
         <name>__aeabi_memcpy</name>
         <value>0x56d5</value>
         <object_component_ref idref="oc-42"/>
      </symbol>
      <symbol id="sm-4a3">
         <name>__aeabi_memcpy8</name>
         <value>0x56d5</value>
         <object_component_ref idref="oc-42"/>
      </symbol>
      <symbol id="sm-4a4">
         <name>__aeabi_memcpy4</name>
         <value>0x56d5</value>
         <object_component_ref idref="oc-42"/>
      </symbol>
      <symbol id="sm-51b">
         <name>_sys_memory</name>
         <value>0x20001270</value>
         <object_component_ref idref="oc-2b"/>
      </symbol>
      <symbol id="sm-51c">
         <name>free</name>
         <value>0x3b2f</value>
         <object_component_ref idref="oc-1f8"/>
      </symbol>
      <symbol id="sm-51d">
         <name>realloc</name>
         <value>0x3bef</value>
         <object_component_ref idref="oc-1f8"/>
      </symbol>
      <symbol id="sm-51e">
         <name>memalign</name>
         <value>0x3cf9</value>
         <object_component_ref idref="oc-1f8"/>
      </symbol>
      <symbol id="sm-51f">
         <name>calloc</name>
         <value>0x3de5</value>
         <object_component_ref idref="oc-1f8"/>
      </symbol>
      <symbol id="sm-520">
         <name>malloc</name>
         <value>0x3ac5</value>
         <object_component_ref idref="oc-1f8"/>
      </symbol>
      <symbol id="sm-521">
         <name>minit</name>
         <value>0x3a45</value>
         <object_component_ref idref="oc-1f8"/>
      </symbol>
      <symbol id="sm-530">
         <name>__aeabi_memset</name>
         <value>0x599f</value>
         <object_component_ref idref="oc-4e"/>
      </symbol>
      <symbol id="sm-531">
         <name>memset</name>
         <value>0x59a5</value>
         <object_component_ref idref="oc-4e"/>
      </symbol>
      <symbol id="sm-532">
         <name>__aeabi_memset8</name>
         <value>0x599f</value>
         <object_component_ref idref="oc-4e"/>
      </symbol>
      <symbol id="sm-533">
         <name>__aeabi_memset4</name>
         <value>0x599f</value>
         <object_component_ref idref="oc-4e"/>
      </symbol>
      <symbol id="sm-534">
         <name>__aeabi_memclr8</name>
         <value>0x599d</value>
         <object_component_ref idref="oc-4e"/>
      </symbol>
      <symbol id="sm-535">
         <name>__aeabi_memclr4</name>
         <value>0x599d</value>
         <object_component_ref idref="oc-4e"/>
      </symbol>
      <symbol id="sm-536">
         <name>__aeabi_memclr</name>
         <value>0x599d</value>
         <object_component_ref idref="oc-4e"/>
      </symbol>
      <symbol id="sm-540">
         <name>__mpu_init</name>
         <value>0x13ab</value>
         <object_component_ref idref="oc-5a"/>
      </symbol>
      <symbol id="sm-54a">
         <name>_system_pre_init</name>
         <value>0x6031</value>
         <object_component_ref idref="oc-60"/>
      </symbol>
      <symbol id="sm-56c">
         <name>scalbn</name>
         <value>0x54e1</value>
         <object_component_ref idref="oc-224"/>
      </symbol>
      <symbol id="sm-56d">
         <name>scalbnl</name>
         <value>0x54e1</value>
         <object_component_ref idref="oc-224"/>
      </symbol>
      <symbol id="sm-56e">
         <name>ldexpl</name>
         <value>0x54e1</value>
         <object_component_ref idref="oc-224"/>
      </symbol>
      <symbol id="sm-56f">
         <name>ldexp</name>
         <value>0x54e1</value>
         <object_component_ref idref="oc-224"/>
      </symbol>
      <symbol id="sm-5bb">
         <name>sin</name>
         <value>0x2f15</value>
         <object_component_ref idref="oc-100"/>
      </symbol>
      <symbol id="sm-5bc">
         <name>sinl</name>
         <value>0x2f15</value>
         <object_component_ref idref="oc-100"/>
      </symbol>
      <symbol id="sm-5d5">
         <name>sprintf</name>
         <value>0x5c2d</value>
         <object_component_ref idref="oc-10b"/>
      </symbol>
      <symbol id="sm-5dd">
         <name>main_func_sp</name>
         <value>0x200027c4</value>
         <object_component_ref idref="oc-78"/>
      </symbol>
      <symbol id="sm-5ec">
         <name>strcmp</name>
         <value>0x5f51</value>
         <object_component_ref idref="oc-194"/>
      </symbol>
      <symbol id="sm-5fa">
         <name>strcpy</name>
         <value>0x5fa9</value>
         <object_component_ref idref="oc-19a"/>
      </symbol>
      <symbol id="sm-608">
         <name>strlen</name>
         <value>0x5fbd</value>
         <object_component_ref idref="oc-272"/>
      </symbol>
      <symbol id="sm-61b">
         <name>__time32</name>
         <value>0x5fff</value>
         <object_component_ref idref="oc-1d8"/>
      </symbol>
      <symbol id="sm-61c">
         <name>time</name>
         <value>0x5fff</value>
         <object_component_ref idref="oc-1d8"/>
      </symbol>
      <symbol id="sm-638">
         <name>vsnprintf</name>
         <value>0x5809</value>
         <object_component_ref idref="oc-18e"/>
      </symbol>
      <symbol id="sm-651">
         <name>_nop</name>
         <value>0x5f8f</value>
         <object_component_ref idref="oc-13d"/>
      </symbol>
      <symbol id="sm-652">
         <name>_lock</name>
         <value>0x200027b8</value>
         <object_component_ref idref="oc-b9"/>
      </symbol>
      <symbol id="sm-653">
         <name>_unlock</name>
         <value>0x200027bc</value>
         <object_component_ref idref="oc-b9"/>
      </symbol>
      <symbol id="sm-654">
         <name>_register_lock</name>
         <value>0x5f87</value>
         <object_component_ref idref="oc-13d"/>
      </symbol>
      <symbol id="sm-655">
         <name>_register_unlock</name>
         <value>0x5f81</value>
         <object_component_ref idref="oc-13d"/>
      </symbol>
      <symbol id="sm-756">
         <name>__TI_printfi</name>
         <value>0xab1</value>
         <object_component_ref idref="oc-1d0"/>
      </symbol>
      <symbol id="sm-76a">
         <name>_args_main</name>
         <value>0x5f39</value>
         <object_component_ref idref="oc-6c"/>
      </symbol>
      <symbol id="sm-780">
         <name>atoi</name>
         <value>0x5d89</value>
         <object_component_ref idref="oc-28a"/>
      </symbol>
      <symbol id="sm-7aa">
         <name>__TI_auto_init</name>
         <value>0x5a19</value>
         <object_component_ref idref="oc-66"/>
      </symbol>
      <symbol id="sm-7c4">
         <name>copy_in</name>
         <value>0x5dd5</value>
         <object_component_ref idref="oc-a0"/>
      </symbol>
      <symbol id="sm-7cf">
         <name>_ctypes_</name>
         <value>0x6190</value>
         <object_component_ref idref="oc-2ee"/>
      </symbol>
      <symbol id="sm-7e4">
         <name>HOSTtime64</name>
         <value>0x5771</value>
         <object_component_ref idref="oc-2a4"/>
      </symbol>
      <symbol id="sm-7e5">
         <name>HOSTtime</name>
         <value>0x57bf</value>
         <object_component_ref idref="oc-2a4"/>
      </symbol>
      <symbol id="sm-7fb">
         <name>__kernel_cos</name>
         <value>0x4e95</value>
         <object_component_ref idref="oc-1c2"/>
      </symbol>
      <symbol id="sm-862">
         <name>__kernel_rem_pio2</name>
         <value>0x27dd</value>
         <object_component_ref idref="oc-1bc"/>
      </symbol>
      <symbol id="sm-879">
         <name>__kernel_sin</name>
         <value>0x4a45</value>
         <object_component_ref idref="oc-1ac"/>
      </symbol>
      <symbol id="sm-888">
         <name>ltoa</name>
         <value>0x5d35</value>
         <object_component_ref idref="oc-278"/>
      </symbol>
      <symbol id="sm-898">
         <name>memccpy</name>
         <value>0x5f03</value>
         <object_component_ref idref="oc-290"/>
      </symbol>
      <symbol id="sm-8a2">
         <name>copysign</name>
         <value>0x5f95</value>
         <object_component_ref idref="oc-2c4"/>
      </symbol>
      <symbol id="sm-8a3">
         <name>copysignl</name>
         <value>0x5f95</value>
         <object_component_ref idref="oc-2c4"/>
      </symbol>
      <symbol id="sm-8c0">
         <name>floorl</name>
         <value>0x55dd</value>
         <object_component_ref idref="oc-258"/>
      </symbol>
      <symbol id="sm-8c1">
         <name>floor</name>
         <value>0x55dd</value>
         <object_component_ref idref="oc-258"/>
      </symbol>
      <symbol id="sm-8d7">
         <name>frexpl</name>
         <value>0x5bc9</value>
         <object_component_ref idref="oc-27e"/>
      </symbol>
      <symbol id="sm-8d8">
         <name>frexp</name>
         <value>0x5bc9</value>
         <object_component_ref idref="oc-27e"/>
      </symbol>
      <symbol id="sm-8e2">
         <name>_system_post_cinit</name>
         <value>0x48c7</value>
         <object_component_ref idref="oc-a6"/>
      </symbol>
      <symbol id="sm-8f2">
         <name>strchr</name>
         <value>0x5f69</value>
         <object_component_ref idref="oc-284"/>
      </symbol>
      <symbol id="sm-90d">
         <name>__TI_readmsg</name>
         <value>0x5b93</value>
         <object_component_ref idref="oc-2fc"/>
      </symbol>
      <symbol id="sm-90e">
         <name>C$$IO$$</name>
         <value>0x5b8f</value>
         <object_component_ref idref="oc-2fc"/>
      </symbol>
      <symbol id="sm-90f">
         <name>__CIOBUF_</name>
         <value>0x20002548</value>
         <object_component_ref idref="oc-325"/>
      </symbol>
      <symbol id="sm-910">
         <name>__TI_writemsg</name>
         <value>0x5b61</value>
         <object_component_ref idref="oc-2fc"/>
      </symbol>
      <symbol id="sm-92c">
         <name>__aeabi_uldivmod</name>
         <value>0x4331</value>
         <object_component_ref idref="oc-26d"/>
      </symbol>
      <symbol id="sm-932">
         <name>parmbuf</name>
         <value>0x20002774</value>
      </symbol>
      <symbol id="sm-952">
         <name>IntRegister</name>
         <value>0x5ea1</value>
         <object_component_ref idref="oc-16f"/>
      </symbol>
      <symbol id="sm-953">
         <name>g_pfnRAMVectors</name>
         <value>0x20000000</value>
         <object_component_ref idref="oc-22e"/>
      </symbol>
      <symbol id="sm-954">
         <name>IntMasterEnable</name>
         <value>0x5fd1</value>
         <object_component_ref idref="oc-175"/>
      </symbol>
      <symbol id="sm-95e">
         <name>CPUcpsie</name>
         <value>0x600d</value>
         <object_component_ref idref="oc-233"/>
      </symbol>
      <symbol id="sm-95f">
         <name>__TI_static_base__</name>
         <value>0x0</value>
      </symbol>
      <symbol id="sm-962">
         <name>SHT$$INIT_ARRAY$$Limit</name>
         <value>0x0</value>
      </symbol>
      <symbol id="sm-963">
         <name>SHT$$INIT_ARRAY$$Base</name>
         <value>0x0</value>
      </symbol>
   </symbol_table>
   <title>Link successful</title>
</link_info>
