******************************************************************************
                  TI ARM Linker PC v16.9.6                     
******************************************************************************
>> Linked Sat Apr 14 11:53:12 2018

OUTPUT FILE NAME:   <CPRE288_FinalProject.out>
ENTRY POINT SYMBOL: "_c_int00"  address: 00005c91


MEMORY CONFIGURATION

         name            origin    length      used     unused   attr    fill
----------------------  --------  ---------  --------  --------  ----  --------
  FLASH                 00000000   00040000  0000632b  00039cd5  R  X
  SRAM                  20000000   00008000  000027c1  0000583f  RW X


SEGMENT ALLOCATION MAP

run origin  load origin   length   init length attrs members
----------  ----------- ---------- ----------- ----- -------
00000000    00000000    00006330   00006330    r-x
  00000000    00000000    0000026c   0000026c    r-- .intvecs
  0000026c    0000026c    00005dcc   00005dcc    r-x .text
  00006038    00006038    000002a3   000002a3    r-- .const
  000062e0    000062e0    00000050   00000050    r-- .cinit
20000000    20000000    000027c8   00000000    rw-
  20000000    20000000    0000026c   00000000    rw- .vtable
  2000026c    2000026c    00001000   00000000    rw- .stack
  20001270    20001270    00001000   00000000    rw- .sysmem
  20002270    20002270    0000051d   00000000    rw- .bss
  20002790    20002790    00000038   00000000    rw- .data


SECTION ALLOCATION MAP

 output                                  attributes/
section   page    origin      length       input sections
--------  ----  ----------  ----------   ----------------
.intvecs   0    00000000    0000026c     
                  00000000    0000026c     tm4c123gh6pm_startup_ccs.obj (.intvecs)

.text      0    0000026c    00005dcc     
                  0000026c    0000113e     rtsv7M4_T_le_v4SPD16_eabi.lib : _printfi.obj (.text)
                  000013aa    00000002                                   : mpu_init.obj (.text)
                  000013ac    00000a84     open_interface.obj (.text)
                  00001e30    000009ac     rtsv7M4_T_le_v4SPD16_eabi.lib : e_pow.obj (.text)
                  000027dc    00000738                                   : k_rem_pio2.obj (.text)
                  00002f14    000005c4                                   : s_sin.obj (.text)
                  000034d8    00000560     main.obj (.text)
                  00003a38    000003d0     rtsv7M4_T_le_v4SPD16_eabi.lib : memory.obj (.text)
                  00003e08    000002ec     lcd.obj (.text)
                  000040f4    00000230     Sonar.obj (.text)
                  00004324    000001f4     rtsv7M4_T_le_v4SPD16_eabi.lib : ull_div_t2.obj (.text)
                  00004518    000001ec     movement.obj (.text)
                  00004704    000001b6     rtsv7M4_T_le_v4SPD16_eabi.lib : fd_add_t2.obj (.text)
                  000048ba    00000002                                   : startup.obj (.text)
                  000048bc    0000017c     IR.obj (.text)
                  00004a38    0000017c     Servo.obj (.text)
                  00004bb4    00000174     rtsv7M4_T_le_v4SPD16_eabi.lib : k_sin.obj (.text)
                  00004d28    00000170                                   : e_sqrt.obj (.text)
                  00004e98    0000016c                                   : k_cos.obj (.text)
                  00005004    00000158     Timer.obj (.text)
                  0000515c    00000154     uart.obj (.text)
                  000052b0    00000136     rtsv7M4_T_le_v4SPD16_eabi.lib : fd_div_t2.obj (.text)
                  000053e6    000000fc                                   : fd_mul_t2.obj (.text)
                  000054e2    00000002     --HOLE-- [fill = 0]
                  000054e4    000000fc                                   : s_scalbn.obj (.text)
                  000055e0    000000f8                                   : s_floor.obj (.text)
                  000056d8    0000009c                                   : memcpy_t2.obj (.text)
                  00005774    00000098                                   : hosttime.obj (.text)
                  0000580c    00000088                                   : vsnprintf.obj (.text)
                  00005894    00000086                                   : fd_cmp_t2.obj (.text:__aeabi_cdcmple)
                  0000591a    00000086                                   : fd_cmp_t2.obj (.text:__aeabi_cdrcmple)
                  000059a0    0000007a                                   : memset_t2.obj (.text)
                  00005a1a    00000002     --HOLE-- [fill = 0]
                  00005a1c    00000070                                   : autoinit.obj (.text)
                  00005a8c    0000006e                                   : fd_tos_t2.obj (.text)
                  00005afa    00000068                                   : copy_decompress_lzss.obj (.text:decompress:lzss)
                  00005b62    00000002     --HOLE-- [fill = 0]
                  00005b64    00000068                                   : trgmsg.obj (.text)
                  00005bcc    00000064                                   : s_frexp.obj (.text)
                  00005c30    00000060                                   : sprintf.obj (.text)
                  00005c90    00000054                                   : boot.obj (.text)
                  00005ce4    00000054                                   : exit.obj (.text)
                  00005d38    00000054                                   : ltoa.obj (.text)
                  00005d8c    0000004c                                   : atoi.obj (.text)
                  00005dd8    0000004c                                   : cpy_tbl.obj (.text)
                  00005e24    00000048                                   : fd_toi_t2.obj (.text)
                  00005e6c    00000038                                   : fs_tod_t2.obj (.text)
                  00005ea4    00000034     driverlib.lib : interrupt.obj (.text:IntRegister)
                  00005ed8    0000002e     rtsv7M4_T_le_v4SPD16_eabi.lib : i_tofd_t2.obj (.text)
                  00005f06    0000001c                                   : memccpy.obj (.text)
                  00005f22    00000018     open_interface.obj (.text:oi_parseInt)
                  00005f3a    00000002     --HOLE-- [fill = 0]
                  00005f3c    00000018     rtsv7M4_T_le_v4SPD16_eabi.lib : args_main.obj (.text)
                  00005f54    00000018                                   : strcmp.obj (.text)
                  00005f6c    00000016                                   : strchr.obj (.text)
                  00005f82    00000002     --HOLE-- [fill = 0]
                  00005f84    00000014                                   : _lock.obj (.text)
                  00005f98    00000014                                   : s_copysign.obj (.text)
                  00005fac    00000014                                   : strcpy.obj (.text)
                  00005fc0    00000014                                   : strlen.obj (.text)
                  00005fd4    00000010     driverlib.lib : interrupt.obj (.text:IntMasterEnable)
                  00005fe4    00000010     lcd.obj (.text:lcd_clear)
                  00005ff4    0000000e     rtsv7M4_T_le_v4SPD16_eabi.lib : copy_decompress_none.obj (.text:decompress:none)
                  00006002    0000000e                                   : time.obj (.text)
                  00006010    0000000c     driverlib.lib : cpu.obj (.text:CPUcpsie)
                  0000601c    0000000c     rtsv7M4_T_le_v4SPD16_eabi.lib : copy_zero_init.obj (.text:decompress:ZI)
                  00006028    0000000c     tm4c123gh6pm_startup_ccs.obj (.text)
                  00006034    00000004     rtsv7M4_T_le_v4SPD16_eabi.lib : pre_init.obj (.text)

.const     0    00006038    000002a3     
                  00006038    00000158     rtsv7M4_T_le_v4SPD16_eabi.lib : k_rem_pio2.obj (.const:$O1$$)
                  00006190    00000101                                   : ctype.obj (.const:.string:_ctypes_)
                  00006291    00000004     lcd.obj (.const:.string:lineAddress$1)
                  00006295    00000003     --HOLE-- [fill = 0]
                  00006298    00000030     rtsv7M4_T_le_v4SPD16_eabi.lib : e_pow.obj (.const:$O1$$)
                  000062c8    0000000f     open_interface.obj (.const:.string:$P$T0$3)
                  000062d7    00000004     lcd.obj (.const:.string:lineAddresses$2)

.cinit     0    000062e0    00000050     
                  000062e0    0000001c     (.cinit..data.load) [load image, compression = lzss]
                  000062fc    0000000c     (__TI_handler_table)
                  00006308    00000008     (.cinit..bss.load) [load image, compression = zero_init]
                  00006310    00000008     (.cinit..vtable.load) [load image, compression = zero_init]
                  00006318    00000018     (__TI_cinit_table)

.init_array 
*          0    00000000    00000000     UNINITIALIZED

.vtable    0    20000000    0000026c     UNINITIALIZED
                  20000000    0000026c     driverlib.lib : interrupt.obj (.vtable)

.stack     0    2000026c    00001000     UNINITIALIZED
                  2000026c    00001000     --HOLE--

.sysmem    0    20001270    00001000     UNINITIALIZED
                  20001270    00000008     rtsv7M4_T_le_v4SPD16_eabi.lib : memory.obj (.sysmem)
                  20001278    00000ff8     --HOLE--

.bss       0    20002270    0000051d     UNINITIALIZED
                  20002270    0000016c     (.common:ir_distance)
                  200023dc    0000016c     (.common:sonar_Distance)
                  20002548    00000120     rtsv7M4_T_le_v4SPD16_eabi.lib : trgmsg.obj (.bss:_CIOBUF_)
                  20002668    000000a0     (.common:objects)
                  20002708    00000054     lcd.obj (.bss:lastbuffer$3)
                  2000275c    00000018     open_interface.obj (.bss:firmware$2)
                  20002774    00000008     (.common:parmbuf)
                  2000277c    00000004     (.common:fallingEdge)
                  20002780    00000004     (.common:pulseLength)
                  20002784    00000004     (.common:pulse_width)
                  20002788    00000004     (.common:risingEdge)
                  2000278c    00000001     (.common:state)

.data      0    20002790    00000038     UNINITIALIZED
                  20002790    00000010     open_interface.obj (.data)
                  200027a0    0000000c     rtsv7M4_T_le_v4SPD16_eabi.lib : exit.obj (.data:$O1$$)
                  200027ac    0000000c                                   : memory.obj (.data:$O1$$)
                  200027b8    00000008                                   : _lock.obj (.data:$O1$$)
                  200027c0    00000004                                   : errno.obj (.data)
                  200027c4    00000004                                   : stkdepth_vars.obj (.data)

MODULE SUMMARY

       Module                         code    ro data   rw data
       ------                         ----    -------   -------
    .\
       open_interface.obj             2716    15        40     
       main.obj                       1376    0         888    
       lcd.obj                        764     8         84     
       tm4c123gh6pm_startup_ccs.obj   12      620       0      
       Sonar.obj                      560     0         13     
       movement.obj                   492     0         0      
       Servo.obj                      380     0         4      
       IR.obj                         380     0         0      
       Timer.obj                      344     0         0      
       uart.obj                       340     0         0      
    +--+------------------------------+-------+---------+---------+
       Total:                         7364    643       1029   
                                                               
    C:/ti/TivaWare_C_Series-2.1.2.111/driverlib/ccs/Debug/driverlib.lib
       interrupt.obj                  68      0         620    
       cpu.obj                        12      0         0      
    +--+------------------------------+-------+---------+---------+
       Total:                         80      0         620    
                                                               
    C:\ti\ccsv7\tools\compiler\ti-cgt-arm_16.9.6.LTS\lib\rtsv7M4_T_le_v4SPD16_eabi.lib
       _printfi.obj                   4414    0         0      
       e_pow.obj                      2476    48        0      
       k_rem_pio2.obj                 1848    344       0      
       s_sin.obj                      1476    0         0      
       memory.obj                     976     0         12     
       ull_div_t2.obj                 500     0         0      
       fd_add_t2.obj                  438     0         0      
       trgmsg.obj                     104     0         288    
       k_sin.obj                      372     0         0      
       e_sqrt.obj                     368     0         0      
       k_cos.obj                      364     0         0      
       fd_div_t2.obj                  310     0         0      
       fd_cmp_t2.obj                  268     0         0      
       ctype.obj                      0       257       0      
       fd_mul_t2.obj                  252     0         0      
       s_scalbn.obj                   252     0         0      
       s_floor.obj                    248     0         0      
       memcpy_t2.obj                  156     0         0      
       hosttime.obj                   152     0         0      
       vsnprintf.obj                  136     0         0      
       memset_t2.obj                  122     0         0      
       autoinit.obj                   112     0         0      
       fd_tos_t2.obj                  110     0         0      
       copy_decompress_lzss.obj       104     0         0      
       s_frexp.obj                    100     0         0      
       exit.obj                       84      0         12     
       sprintf.obj                    96      0         0      
       boot.obj                       84      0         0      
       ltoa.obj                       84      0         0      
       atoi.obj                       76      0         0      
       cpy_tbl.obj                    76      0         0      
       fd_toi_t2.obj                  72      0         0      
       fs_tod_t2.obj                  56      0         0      
       i_tofd_t2.obj                  46      0         0      
       _lock.obj                      20      0         8      
       memccpy.obj                    28      0         0      
       args_main.obj                  24      0         0      
       strcmp.obj                     24      0         0      
       strchr.obj                     22      0         0      
       s_copysign.obj                 20      0         0      
       strcpy.obj                     20      0         0      
       strlen.obj                     20      0         0      
       copy_decompress_none.obj       14      0         0      
       time.obj                       14      0         0      
       copy_zero_init.obj             12      0         0      
       hostopen.obj                   0       0         8      
       errno.obj                      0       0         4      
       pre_init.obj                   4       0         0      
       stkdepth_vars.obj              0       0         4      
       mpu_init.obj                   2       0         0      
       startup.obj                    2       0         0      
    +--+------------------------------+-------+---------+---------+
       Total:                         16558   649       336    
                                                               
       Heap:                          0       0         4096   
       Stack:                         0       0         4096   
       Linker Generated:              0       80        0      
    +--+------------------------------+-------+---------+---------+
       Grand Total:                   24002   1372      10177  


LINKER GENERATED COPY TABLES

__TI_cinit_table @ 00006318 records: 3, size/record: 8, table size: 24
	.data: load addr=000062e0, load size=0000001c bytes, run addr=20002790, run size=00000038 bytes, compression=lzss
	.bss: load addr=00006308, load size=00000008 bytes, run addr=20002270, run size=0000051d bytes, compression=zero_init
	.vtable: load addr=00006310, load size=00000008 bytes, run addr=20000000, run size=0000026c bytes, compression=zero_init


LINKER GENERATED HANDLER TABLE

__TI_handler_table @ 000062fc records: 3, size/record: 4, table size: 12
	index: 0, handler: __TI_zero_init
	index: 1, handler: __TI_decompress_lzss
	index: 2, handler: __TI_decompress_none


GLOBAL SYMBOLS: SORTED ALPHABETICALLY BY Name 

address   name                           
-------   ----                           
00005ce5  C$$EXIT                        
00005b93  C$$IO$$                        
00006011  CPUcpsie                       
00001ca3  GPIOF_Handler                  
000057c3  HOSTtime                       
00005775  HOSTtime64                     
00005fd5  IntMasterEnable                
00005ea5  IntRegister                    
00006029  ResetISR                       
UNDEFED   SHT$$INIT_ARRAY$$Base          
UNDEFED   SHT$$INIT_ARRAY$$Limit         
000041fd  TIMER3B_Handler                
20002548  __CIOBUF_                      
2000126c  __STACK_END                    
00001000  __STACK_SIZE                   
2000046c  __STACK_TOP                    
00001000  __SYSMEM_SIZE                  
00006318  __TI_CINIT_Base                
00006330  __TI_CINIT_Limit               
000062fc  __TI_Handler_Table_Base        
00006308  __TI_Handler_Table_Limit       
00005a1d  __TI_auto_init                 
200027a0  __TI_cleanup_ptr               
00005afb  __TI_decompress_lzss           
00005ff5  __TI_decompress_none           
200027a4  __TI_dtors_ptr                 
200027a8  __TI_enable_exit_profile_output
ffffffff  __TI_pprof_out_hndl            
00000ab1  __TI_printfi                   
ffffffff  __TI_prof_data_size            
ffffffff  __TI_prof_data_start           
00005b97  __TI_readmsg                   
00000000  __TI_static_base__             
00005b65  __TI_writemsg                  
0000601d  __TI_zero_init                 
00005895  __aeabi_cdcmpeq                
00005895  __aeabi_cdcmple                
0000591b  __aeabi_cdrcmple               
00005a8d  __aeabi_d2f                    
00005e25  __aeabi_d2iz                   
0000470f  __aeabi_dadd                   
000052b1  __aeabi_ddiv                   
000053e7  __aeabi_dmul                   
00004705  __aeabi_dsub                   
00005e6d  __aeabi_f2d                    
00005ed9  __aeabi_i2d                    
000059a1  __aeabi_memclr                 
000059a1  __aeabi_memclr4                
000059a1  __aeabi_memclr8                
000056d9  __aeabi_memcpy                 
000056d9  __aeabi_memcpy4                
000056d9  __aeabi_memcpy8                
000059a3  __aeabi_memset                 
000059a3  __aeabi_memset4                
000059a3  __aeabi_memset8                
00004325  __aeabi_uldivmod               
ffffffff  __binit__                      
ffffffff  __c_args__                     
00004e99  __kernel_cos                   
000027dd  __kernel_rem_pio2              
00004bb5  __kernel_sin                   
000013ab  __mpu_init                     
2000026c  __stack                        
00006003  __time32                       
00005f3d  _args_main                     
00005c91  _c_int00                       
00006190  _ctypes_                       
200027b8  _lock                          
00005f93  _nop                           
00005f8b  _register_lock                 
00005f85  _register_unlock               
20001270  _sys_memory                    
000048bb  _system_post_cinit             
00006035  _system_pre_init               
200027bc  _unlock                        
00005ce9  abort                          
00005d8d  atoi                           
ffffffff  binit                          
00003dd9  calloc                         
00005dd9  copy_in                        
00005f99  copysign                       
00005f99  copysignl                      
200027c0  errno                          
00005cf1  exit                           
2000277c  fallingEdge                    
000055e1  floor                          
000055e1  floorl                         
00003b23  free                           
00005bcd  frexp                          
00005bcd  frexpl                         
20000000  g_pfnRAMVectors                
00000000  g_pfnVectors                   
00001cc5  getDegrees                     
0000496b  getDistance                    
000036f7  get_min                        
000035a3  get_objects                    
0000354b  get_width                      
00001a51  go_charge                      
000037a9  handle_move                    
20002270  ir_distance                    
000048bd  ir_init                        
00004935  ir_read                        
00005fe5  lcd_clear                      
00003fa1  lcd_gotoLine                   
00003e09  lcd_init                       
00004007  lcd_printf                     
00003ec9  lcd_putc                       
00003f01  lcd_puts                       
00003f1f  lcd_sendCommand                
00003f5d  lcd_sendNibble                 
00003fc9  lcd_setCursorPos               
000054e5  ldexp                          
000054e5  ldexpl                         
00005d39  ltoa                           
000038fd  main                           
200027c4  main_func_sp                   
00003ab9  malloc                         
00003ced  memalign                       
00005f07  memccpy                        
000056d9  memcpy                         
000059a9  memset                         
00003a39  minit                          
00004631  move_backward                  
00004519  move_forward                   
00004b05  move_servo                     
20002668  objects                        
000013ad  oi_alloc                       
00001b7b  oi_checkFirmware               
00001403  oi_close                       
000013b9  oi_free                        
000013ed  oi_init                        
000013c9  oi_init_noupdate               
000019e7  oi_loadSong                    
00005f23  oi_parseInt                    
00001467  oi_parsePacket                 
00001a3d  oi_play_song                   
00001961  oi_setLeds                     
000019a5  oi_setWheels                   
00001c31  oi_shutoff_init                
00001a5f  oi_uartInit                    
00001b03  oi_uartReceive                 
00001b49  oi_uartSendBuff                
00001ae7  oi_uartSendChar                
00001b2b  oi_uartSendStr                 
00001415  oi_update                      
20002774  parmbuf                        
0000425d  ping_getDistance               
000036b5  point_to_objects               
00001e31  pow                            
00001e31  powl                           
20002780  pulseLength                    
20002784  pulse_width                    
00003be3  realloc                        
20002788  risingEdge                     
000054e5  scalbn                         
000054e5  scalbnl                        
00004193  send_pulse                     
00004a39  servo_init                     
00002f15  sin                            
00002f15  sinl                           
200023dc  sonar_Distance                 
000040f5  sonar_init                     
00005c31  sprintf                        
00004d29  sqrt                           
00004d29  sqrtl                          
2000278c  state                          
00005f6d  strchr                         
00005f55  strcmp                         
00005fad  strcpy                         
00005fc1  strlen                         
000034d9  sweep                          
00006003  time                           
00005115  timer_getClock                 
000050c9  timer_startClock               
00005063  timer_startTimer               
0000511b  timer_stopClock                
000050b3  timer_stopTimer                
00005039  timer_waitMicros               
00005005  timer_waitMillis               
000046bb  turn_clockwise                 
0000467b  turn_counter_clockwise         
0000515d  uart_init                      
00005201  uart_receive                   
000051e5  uart_sendChar                  
00005253  uart_sendStr                   
0000580d  vsnprintf                      


GLOBAL SYMBOLS: SORTED BY Symbol Address 

address   name                           
-------   ----                           
00000000  __TI_static_base__             
00000000  g_pfnVectors                   
00000ab1  __TI_printfi                   
00001000  __STACK_SIZE                   
00001000  __SYSMEM_SIZE                  
000013ab  __mpu_init                     
000013ad  oi_alloc                       
000013b9  oi_free                        
000013c9  oi_init_noupdate               
000013ed  oi_init                        
00001403  oi_close                       
00001415  oi_update                      
00001467  oi_parsePacket                 
00001961  oi_setLeds                     
000019a5  oi_setWheels                   
000019e7  oi_loadSong                    
00001a3d  oi_play_song                   
00001a51  go_charge                      
00001a5f  oi_uartInit                    
00001ae7  oi_uartSendChar                
00001b03  oi_uartReceive                 
00001b2b  oi_uartSendStr                 
00001b49  oi_uartSendBuff                
00001b7b  oi_checkFirmware               
00001c31  oi_shutoff_init                
00001ca3  GPIOF_Handler                  
00001cc5  getDegrees                     
00001e31  pow                            
00001e31  powl                           
000027dd  __kernel_rem_pio2              
00002f15  sin                            
00002f15  sinl                           
000034d9  sweep                          
0000354b  get_width                      
000035a3  get_objects                    
000036b5  point_to_objects               
000036f7  get_min                        
000037a9  handle_move                    
000038fd  main                           
00003a39  minit                          
00003ab9  malloc                         
00003b23  free                           
00003be3  realloc                        
00003ced  memalign                       
00003dd9  calloc                         
00003e09  lcd_init                       
00003ec9  lcd_putc                       
00003f01  lcd_puts                       
00003f1f  lcd_sendCommand                
00003f5d  lcd_sendNibble                 
00003fa1  lcd_gotoLine                   
00003fc9  lcd_setCursorPos               
00004007  lcd_printf                     
000040f5  sonar_init                     
00004193  send_pulse                     
000041fd  TIMER3B_Handler                
0000425d  ping_getDistance               
00004325  __aeabi_uldivmod               
00004519  move_forward                   
00004631  move_backward                  
0000467b  turn_counter_clockwise         
000046bb  turn_clockwise                 
00004705  __aeabi_dsub                   
0000470f  __aeabi_dadd                   
000048bb  _system_post_cinit             
000048bd  ir_init                        
00004935  ir_read                        
0000496b  getDistance                    
00004a39  servo_init                     
00004b05  move_servo                     
00004bb5  __kernel_sin                   
00004d29  sqrt                           
00004d29  sqrtl                          
00004e99  __kernel_cos                   
00005005  timer_waitMillis               
00005039  timer_waitMicros               
00005063  timer_startTimer               
000050b3  timer_stopTimer                
000050c9  timer_startClock               
00005115  timer_getClock                 
0000511b  timer_stopClock                
0000515d  uart_init                      
000051e5  uart_sendChar                  
00005201  uart_receive                   
00005253  uart_sendStr                   
000052b1  __aeabi_ddiv                   
000053e7  __aeabi_dmul                   
000054e5  ldexp                          
000054e5  ldexpl                         
000054e5  scalbn                         
000054e5  scalbnl                        
000055e1  floor                          
000055e1  floorl                         
000056d9  __aeabi_memcpy                 
000056d9  __aeabi_memcpy4                
000056d9  __aeabi_memcpy8                
000056d9  memcpy                         
00005775  HOSTtime64                     
000057c3  HOSTtime                       
0000580d  vsnprintf                      
00005895  __aeabi_cdcmpeq                
00005895  __aeabi_cdcmple                
0000591b  __aeabi_cdrcmple               
000059a1  __aeabi_memclr                 
000059a1  __aeabi_memclr4                
000059a1  __aeabi_memclr8                
000059a3  __aeabi_memset                 
000059a3  __aeabi_memset4                
000059a3  __aeabi_memset8                
000059a9  memset                         
00005a1d  __TI_auto_init                 
00005a8d  __aeabi_d2f                    
00005afb  __TI_decompress_lzss           
00005b65  __TI_writemsg                  
00005b93  C$$IO$$                        
00005b97  __TI_readmsg                   
00005bcd  frexp                          
00005bcd  frexpl                         
00005c31  sprintf                        
00005c91  _c_int00                       
00005ce5  C$$EXIT                        
00005ce9  abort                          
00005cf1  exit                           
00005d39  ltoa                           
00005d8d  atoi                           
00005dd9  copy_in                        
00005e25  __aeabi_d2iz                   
00005e6d  __aeabi_f2d                    
00005ea5  IntRegister                    
00005ed9  __aeabi_i2d                    
00005f07  memccpy                        
00005f23  oi_parseInt                    
00005f3d  _args_main                     
00005f55  strcmp                         
00005f6d  strchr                         
00005f85  _register_unlock               
00005f8b  _register_lock                 
00005f93  _nop                           
00005f99  copysign                       
00005f99  copysignl                      
00005fad  strcpy                         
00005fc1  strlen                         
00005fd5  IntMasterEnable                
00005fe5  lcd_clear                      
00005ff5  __TI_decompress_none           
00006003  __time32                       
00006003  time                           
00006011  CPUcpsie                       
0000601d  __TI_zero_init                 
00006029  ResetISR                       
00006035  _system_pre_init               
00006190  _ctypes_                       
000062fc  __TI_Handler_Table_Base        
00006308  __TI_Handler_Table_Limit       
00006318  __TI_CINIT_Base                
00006330  __TI_CINIT_Limit               
20000000  g_pfnRAMVectors                
2000026c  __stack                        
2000046c  __STACK_TOP                    
2000126c  __STACK_END                    
20001270  _sys_memory                    
20002270  ir_distance                    
200023dc  sonar_Distance                 
20002548  __CIOBUF_                      
20002668  objects                        
20002774  parmbuf                        
2000277c  fallingEdge                    
20002780  pulseLength                    
20002784  pulse_width                    
20002788  risingEdge                     
2000278c  state                          
200027a0  __TI_cleanup_ptr               
200027a4  __TI_dtors_ptr                 
200027a8  __TI_enable_exit_profile_output
200027b8  _lock                          
200027bc  _unlock                        
200027c0  errno                          
200027c4  main_func_sp                   
ffffffff  __TI_pprof_out_hndl            
ffffffff  __TI_prof_data_size            
ffffffff  __TI_prof_data_start           
ffffffff  __binit__                      
ffffffff  __c_args__                     
ffffffff  binit                          
UNDEFED   SHT$$INIT_ARRAY$$Base          
UNDEFED   SHT$$INIT_ARRAY$$Limit         

[186 symbols]
