******************************************************************************
                  TI ARM Linker PC v16.9.6                     
******************************************************************************
>> Linked Sat Apr 14 12:25:34 2018

OUTPUT FILE NAME:   <CPRE288_FinalProject.out>
ENTRY POINT SYMBOL: "_c_int00"  address: 00005c8d


MEMORY CONFIGURATION

         name            origin    length      used     unused   attr    fill
----------------------  --------  ---------  --------  --------  ----  --------
  FLASH                 00000000   00040000  00006327  00039cd9  R  X
  SRAM                  20000000   00008000  000027c1  0000583f  RW X


SEGMENT ALLOCATION MAP

run origin  load origin   length   init length attrs members
----------  ----------- ---------- ----------- ----- -------
00000000    00000000    00006330   00006330    r-x
  00000000    00000000    0000026c   0000026c    r-- .intvecs
  0000026c    0000026c    00005dc8   00005dc8    r-x .text
  00006038    00006038    000002a3   000002a3    r-- .const
  000062e0    000062e0    00000050   00000050    r-- .cinit
20000000    20000000    000027c8   00000000    rw-
  20000000    20000000    0000026c   00000000    rw- .vtable
  2000026c    2000026c    00001000   00000000    rw- .stack
  20001270    20001270    00001000   00000000    rw- .sysmem
  20002270    20002270    0000051d   00000000    rw- .bss
  20002790    20002790    00000038   00000000    rw- .data


SECTION ALLOCATION MAP

 output                                  attributes/
section   page    origin      length       input sections
--------  ----  ----------  ----------   ----------------
.intvecs   0    00000000    0000026c     
                  00000000    0000026c     tm4c123gh6pm_startup_ccs.obj (.intvecs)

.text      0    0000026c    00005dc8     
                  0000026c    0000113e     rtsv7M4_T_le_v4SPD16_eabi.lib : _printfi.obj (.text)
                  000013aa    00000002                                   : mpu_init.obj (.text)
                  000013ac    00000a84     open_interface.obj (.text)
                  00001e30    000009ac     rtsv7M4_T_le_v4SPD16_eabi.lib : e_pow.obj (.text)
                  000027dc    00000738                                   : k_rem_pio2.obj (.text)
                  00002f14    000005c4                                   : s_sin.obj (.text)
                  000034d8    0000056c     main.obj (.text)
                  00003a44    000003d0     rtsv7M4_T_le_v4SPD16_eabi.lib : memory.obj (.text)
                  00003e14    000002ec     lcd.obj (.text)
                  00004100    00000230     Sonar.obj (.text)
                  00004330    000001f4     rtsv7M4_T_le_v4SPD16_eabi.lib : ull_div_t2.obj (.text)
                  00004524    000001ec     movement.obj (.text)
                  00004710    000001b6     rtsv7M4_T_le_v4SPD16_eabi.lib : fd_add_t2.obj (.text)
                  000048c6    00000002                                   : startup.obj (.text)
                  000048c8    0000017c     IR.obj (.text)
                  00004a44    00000174     rtsv7M4_T_le_v4SPD16_eabi.lib : k_sin.obj (.text)
                  00004bb8    00000170                                   : e_sqrt.obj (.text)
                  00004d28    0000016c     Servo.obj (.text)
                  00004e94    0000016c     rtsv7M4_T_le_v4SPD16_eabi.lib : k_cos.obj (.text)
                  00005000    00000158     Timer.obj (.text)
                  00005158    00000154     uart.obj (.text)
                  000052ac    00000136     rtsv7M4_T_le_v4SPD16_eabi.lib : fd_div_t2.obj (.text)
                  000053e2    000000fc                                   : fd_mul_t2.obj (.text)
                  000054de    00000002     --HOLE-- [fill = 0]
                  000054e0    000000fc                                   : s_scalbn.obj (.text)
                  000055dc    000000f8                                   : s_floor.obj (.text)
                  000056d4    0000009c                                   : memcpy_t2.obj (.text)
                  00005770    00000098                                   : hosttime.obj (.text)
                  00005808    00000088                                   : vsnprintf.obj (.text)
                  00005890    00000086                                   : fd_cmp_t2.obj (.text:__aeabi_cdcmple)
                  00005916    00000086                                   : fd_cmp_t2.obj (.text:__aeabi_cdrcmple)
                  0000599c    0000007a                                   : memset_t2.obj (.text)
                  00005a16    00000002     --HOLE-- [fill = 0]
                  00005a18    00000070                                   : autoinit.obj (.text)
                  00005a88    0000006e                                   : fd_tos_t2.obj (.text)
                  00005af6    00000068                                   : copy_decompress_lzss.obj (.text:decompress:lzss)
                  00005b5e    00000002     --HOLE-- [fill = 0]
                  00005b60    00000068                                   : trgmsg.obj (.text)
                  00005bc8    00000064                                   : s_frexp.obj (.text)
                  00005c2c    00000060                                   : sprintf.obj (.text)
                  00005c8c    00000054                                   : boot.obj (.text)
                  00005ce0    00000054                                   : exit.obj (.text)
                  00005d34    00000054                                   : ltoa.obj (.text)
                  00005d88    0000004c                                   : atoi.obj (.text)
                  00005dd4    0000004c                                   : cpy_tbl.obj (.text)
                  00005e20    00000048                                   : fd_toi_t2.obj (.text)
                  00005e68    00000038                                   : fs_tod_t2.obj (.text)
                  00005ea0    00000034     driverlib.lib : interrupt.obj (.text:IntRegister)
                  00005ed4    0000002e     rtsv7M4_T_le_v4SPD16_eabi.lib : i_tofd_t2.obj (.text)
                  00005f02    0000001c                                   : memccpy.obj (.text)
                  00005f1e    00000018     open_interface.obj (.text:oi_parseInt)
                  00005f36    00000002     --HOLE-- [fill = 0]
                  00005f38    00000018     rtsv7M4_T_le_v4SPD16_eabi.lib : args_main.obj (.text)
                  00005f50    00000018                                   : strcmp.obj (.text)
                  00005f68    00000016                                   : strchr.obj (.text)
                  00005f7e    00000002     --HOLE-- [fill = 0]
                  00005f80    00000014                                   : _lock.obj (.text)
                  00005f94    00000014                                   : s_copysign.obj (.text)
                  00005fa8    00000014                                   : strcpy.obj (.text)
                  00005fbc    00000014                                   : strlen.obj (.text)
                  00005fd0    00000010     driverlib.lib : interrupt.obj (.text:IntMasterEnable)
                  00005fe0    00000010     lcd.obj (.text:lcd_clear)
                  00005ff0    0000000e     rtsv7M4_T_le_v4SPD16_eabi.lib : copy_decompress_none.obj (.text:decompress:none)
                  00005ffe    0000000e                                   : time.obj (.text)
                  0000600c    0000000c     driverlib.lib : cpu.obj (.text:CPUcpsie)
                  00006018    0000000c     rtsv7M4_T_le_v4SPD16_eabi.lib : copy_zero_init.obj (.text:decompress:ZI)
                  00006024    0000000c     tm4c123gh6pm_startup_ccs.obj (.text)
                  00006030    00000004     rtsv7M4_T_le_v4SPD16_eabi.lib : pre_init.obj (.text)

.const     0    00006038    000002a3     
                  00006038    00000158     rtsv7M4_T_le_v4SPD16_eabi.lib : k_rem_pio2.obj (.const:$O1$$)
                  00006190    00000101                                   : ctype.obj (.const:.string:_ctypes_)
                  00006291    00000004     lcd.obj (.const:.string:lineAddress$1)
                  00006295    00000003     --HOLE-- [fill = 0]
                  00006298    00000030     rtsv7M4_T_le_v4SPD16_eabi.lib : e_pow.obj (.const:$O1$$)
                  000062c8    0000000f     open_interface.obj (.const:.string:$P$T0$3)
                  000062d7    00000004     lcd.obj (.const:.string:lineAddresses$2)

.cinit     0    000062e0    00000050     
                  000062e0    0000001c     (.cinit..data.load) [load image, compression = lzss]
                  000062fc    0000000c     (__TI_handler_table)
                  00006308    00000008     (.cinit..bss.load) [load image, compression = zero_init]
                  00006310    00000008     (.cinit..vtable.load) [load image, compression = zero_init]
                  00006318    00000018     (__TI_cinit_table)

.init_array 
*          0    00000000    00000000     UNINITIALIZED

.vtable    0    20000000    0000026c     UNINITIALIZED
                  20000000    0000026c     driverlib.lib : interrupt.obj (.vtable)

.stack     0    2000026c    00001000     UNINITIALIZED
                  2000026c    00001000     --HOLE--

.sysmem    0    20001270    00001000     UNINITIALIZED
                  20001270    00000008     rtsv7M4_T_le_v4SPD16_eabi.lib : memory.obj (.sysmem)
                  20001278    00000ff8     --HOLE--

.bss       0    20002270    0000051d     UNINITIALIZED
                  20002270    0000016c     (.common:ir_distance)
                  200023dc    0000016c     (.common:sonar_Distance)
                  20002548    00000120     rtsv7M4_T_le_v4SPD16_eabi.lib : trgmsg.obj (.bss:_CIOBUF_)
                  20002668    000000a0     (.common:objects)
                  20002708    00000054     lcd.obj (.bss:lastbuffer$3)
                  2000275c    00000018     open_interface.obj (.bss:firmware$2)
                  20002774    00000008     (.common:parmbuf)
                  2000277c    00000004     (.common:fallingEdge)
                  20002780    00000004     (.common:pulseLength)
                  20002784    00000004     (.common:pulse_width)
                  20002788    00000004     (.common:risingEdge)
                  2000278c    00000001     (.common:state)

.data      0    20002790    00000038     UNINITIALIZED
                  20002790    00000010     open_interface.obj (.data)
                  200027a0    0000000c     rtsv7M4_T_le_v4SPD16_eabi.lib : exit.obj (.data:$O1$$)
                  200027ac    0000000c                                   : memory.obj (.data:$O1$$)
                  200027b8    00000008                                   : _lock.obj (.data:$O1$$)
                  200027c0    00000004                                   : errno.obj (.data)
                  200027c4    00000004                                   : stkdepth_vars.obj (.data)

MODULE SUMMARY

       Module                         code    ro data   rw data
       ------                         ----    -------   -------
    .\
       open_interface.obj             2716    15        40     
       main.obj                       1388    0         888    
       lcd.obj                        764     8         84     
       tm4c123gh6pm_startup_ccs.obj   12      620       0      
       Sonar.obj                      560     0         13     
       movement.obj                   492     0         0      
       IR.obj                         380     0         0      
       Servo.obj                      364     0         4      
       Timer.obj                      344     0         0      
       uart.obj                       340     0         0      
    +--+------------------------------+-------+---------+---------+
       Total:                         7360    643       1029   
                                                               
    C:/ti/TivaWare_C_Series-2.1.2.111/driverlib/ccs/Debug/driverlib.lib
       interrupt.obj                  68      0         620    
       cpu.obj                        12      0         0      
    +--+------------------------------+-------+---------+---------+
       Total:                         80      0         620    
                                                               
    C:\ti\ccsv7\tools\compiler\ti-cgt-arm_16.9.6.LTS\lib\rtsv7M4_T_le_v4SPD16_eabi.lib
       _printfi.obj                   4414    0         0      
       e_pow.obj                      2476    48        0      
       k_rem_pio2.obj                 1848    344       0      
       s_sin.obj                      1476    0         0      
       memory.obj                     976     0         12     
       ull_div_t2.obj                 500     0         0      
       fd_add_t2.obj                  438     0         0      
       trgmsg.obj                     104     0         288    
       k_sin.obj                      372     0         0      
       e_sqrt.obj                     368     0         0      
       k_cos.obj                      364     0         0      
       fd_div_t2.obj                  310     0         0      
       fd_cmp_t2.obj                  268     0         0      
       ctype.obj                      0       257       0      
       fd_mul_t2.obj                  252     0         0      
       s_scalbn.obj                   252     0         0      
       s_floor.obj                    248     0         0      
       memcpy_t2.obj                  156     0         0      
       hosttime.obj                   152     0         0      
       vsnprintf.obj                  136     0         0      
       memset_t2.obj                  122     0         0      
       autoinit.obj                   112     0         0      
       fd_tos_t2.obj                  110     0         0      
       copy_decompress_lzss.obj       104     0         0      
       s_frexp.obj                    100     0         0      
       exit.obj                       84      0         12     
       sprintf.obj                    96      0         0      
       boot.obj                       84      0         0      
       ltoa.obj                       84      0         0      
       atoi.obj                       76      0         0      
       cpy_tbl.obj                    76      0         0      
       fd_toi_t2.obj                  72      0         0      
       fs_tod_t2.obj                  56      0         0      
       i_tofd_t2.obj                  46      0         0      
       _lock.obj                      20      0         8      
       memccpy.obj                    28      0         0      
       args_main.obj                  24      0         0      
       strcmp.obj                     24      0         0      
       strchr.obj                     22      0         0      
       s_copysign.obj                 20      0         0      
       strcpy.obj                     20      0         0      
       strlen.obj                     20      0         0      
       copy_decompress_none.obj       14      0         0      
       time.obj                       14      0         0      
       copy_zero_init.obj             12      0         0      
       hostopen.obj                   0       0         8      
       errno.obj                      0       0         4      
       pre_init.obj                   4       0         0      
       stkdepth_vars.obj              0       0         4      
       mpu_init.obj                   2       0         0      
       startup.obj                    2       0         0      
    +--+------------------------------+-------+---------+---------+
       Total:                         16558   649       336    
                                                               
       Heap:                          0       0         4096   
       Stack:                         0       0         4096   
       Linker Generated:              0       80        0      
    +--+------------------------------+-------+---------+---------+
       Grand Total:                   23998   1372      10177  


LINKER GENERATED COPY TABLES

__TI_cinit_table @ 00006318 records: 3, size/record: 8, table size: 24
	.data: load addr=000062e0, load size=0000001c bytes, run addr=20002790, run size=00000038 bytes, compression=lzss
	.bss: load addr=00006308, load size=00000008 bytes, run addr=20002270, run size=0000051d bytes, compression=zero_init
	.vtable: load addr=00006310, load size=00000008 bytes, run addr=20000000, run size=0000026c bytes, compression=zero_init


LINKER GENERATED HANDLER TABLE

__TI_handler_table @ 000062fc records: 3, size/record: 4, table size: 12
	index: 0, handler: __TI_zero_init
	index: 1, handler: __TI_decompress_lzss
	index: 2, handler: __TI_decompress_none


GLOBAL SYMBOLS: SORTED ALPHABETICALLY BY Name 

address   name                           
-------   ----                           
00005ce1  C$$EXIT                        
00005b8f  C$$IO$$                        
0000600d  CPUcpsie                       
00001ca3  GPIOF_Handler                  
000057bf  HOSTtime                       
00005771  HOSTtime64                     
00005fd1  IntMasterEnable                
00005ea1  IntRegister                    
00006025  ResetISR                       
UNDEFED   SHT$$INIT_ARRAY$$Base          
UNDEFED   SHT$$INIT_ARRAY$$Limit         
00004209  TIMER3B_Handler                
20002548  __CIOBUF_                      
2000126c  __STACK_END                    
00001000  __STACK_SIZE                   
2000046c  __STACK_TOP                    
00001000  __SYSMEM_SIZE                  
00006318  __TI_CINIT_Base                
00006330  __TI_CINIT_Limit               
000062fc  __TI_Handler_Table_Base        
00006308  __TI_Handler_Table_Limit       
00005a19  __TI_auto_init                 
200027a0  __TI_cleanup_ptr               
00005af7  __TI_decompress_lzss           
00005ff1  __TI_decompress_none           
200027a4  __TI_dtors_ptr                 
200027a8  __TI_enable_exit_profile_output
ffffffff  __TI_pprof_out_hndl            
00000ab1  __TI_printfi                   
ffffffff  __TI_prof_data_size            
ffffffff  __TI_prof_data_start           
00005b93  __TI_readmsg                   
00000000  __TI_static_base__             
00005b61  __TI_writemsg                  
00006019  __TI_zero_init                 
00005891  __aeabi_cdcmpeq                
00005891  __aeabi_cdcmple                
00005917  __aeabi_cdrcmple               
00005a89  __aeabi_d2f                    
00005e21  __aeabi_d2iz                   
0000471b  __aeabi_dadd                   
000052ad  __aeabi_ddiv                   
000053e3  __aeabi_dmul                   
00004711  __aeabi_dsub                   
00005e69  __aeabi_f2d                    
00005ed5  __aeabi_i2d                    
0000599d  __aeabi_memclr                 
0000599d  __aeabi_memclr4                
0000599d  __aeabi_memclr8                
000056d5  __aeabi_memcpy                 
000056d5  __aeabi_memcpy4                
000056d5  __aeabi_memcpy8                
0000599f  __aeabi_memset                 
0000599f  __aeabi_memset4                
0000599f  __aeabi_memset8                
00004331  __aeabi_uldivmod               
ffffffff  __binit__                      
ffffffff  __c_args__                     
00004e95  __kernel_cos                   
000027dd  __kernel_rem_pio2              
00004a45  __kernel_sin                   
000013ab  __mpu_init                     
2000026c  __stack                        
00005fff  __time32                       
00005f39  _args_main                     
00005c8d  _c_int00                       
00006190  _ctypes_                       
200027b8  _lock                          
00005f8f  _nop                           
00005f87  _register_lock                 
00005f81  _register_unlock               
20001270  _sys_memory                    
000048c7  _system_post_cinit             
00006031  _system_pre_init               
200027bc  _unlock                        
00005ce5  abort                          
00005d89  atoi                           
ffffffff  binit                          
00003de5  calloc                         
00005dd5  copy_in                        
00005f95  copysign                       
00005f95  copysignl                      
200027c0  errno                          
00005ced  exit                           
2000277c  fallingEdge                    
000055dd  floor                          
000055dd  floorl                         
00003b2f  free                           
00005bc9  frexp                          
00005bc9  frexpl                         
20000000  g_pfnRAMVectors                
00000000  g_pfnVectors                   
00001cc5  getDegrees                     
00004977  getDistance                    
000036f7  get_min                        
000035a3  get_objects                    
0000354b  get_width                      
00001a51  go_charge                      
000037a9  handle_move                    
20002270  ir_distance                    
000048c9  ir_init                        
00004941  ir_read                        
00005fe1  lcd_clear                      
00003fad  lcd_gotoLine                   
00003e15  lcd_init                       
00004013  lcd_printf                     
00003ed5  lcd_putc                       
00003f0d  lcd_puts                       
00003f2b  lcd_sendCommand                
00003f69  lcd_sendNibble                 
00003fd5  lcd_setCursorPos               
000054e1  ldexp                          
000054e1  ldexpl                         
00005d35  ltoa                           
0000391f  main                           
200027c4  main_func_sp                   
00003ac5  malloc                         
00003cf9  memalign                       
00005f03  memccpy                        
000056d5  memcpy                         
000059a5  memset                         
00003a45  minit                          
0000463d  move_backward                  
00004525  move_forward                   
00004df5  move_servo                     
20002668  objects                        
000013ad  oi_alloc                       
00001b7b  oi_checkFirmware               
00001403  oi_close                       
000013b9  oi_free                        
000013ed  oi_init                        
000013c9  oi_init_noupdate               
000019e7  oi_loadSong                    
00005f1f  oi_parseInt                    
00001467  oi_parsePacket                 
00001a3d  oi_play_song                   
00001961  oi_setLeds                     
000019a5  oi_setWheels                   
00001c31  oi_shutoff_init                
00001a5f  oi_uartInit                    
00001b03  oi_uartReceive                 
00001b49  oi_uartSendBuff                
00001ae7  oi_uartSendChar                
00001b2b  oi_uartSendStr                 
00001415  oi_update                      
20002774  parmbuf                        
00004269  ping_getDistance               
000036b5  point_to_objects               
00001e31  pow                            
00001e31  powl                           
20002780  pulseLength                    
20002784  pulse_width                    
00003bef  realloc                        
20002788  risingEdge                     
000054e1  scalbn                         
000054e1  scalbnl                        
0000419f  send_pulse                     
00004d29  servo_init                     
00002f15  sin                            
00002f15  sinl                           
200023dc  sonar_Distance                 
00004101  sonar_init                     
00005c2d  sprintf                        
00004bb9  sqrt                           
00004bb9  sqrtl                          
2000278c  state                          
00005f69  strchr                         
00005f51  strcmp                         
00005fa9  strcpy                         
00005fbd  strlen                         
000034d9  sweep                          
00005fff  time                           
00005111  timer_getClock                 
000050c5  timer_startClock               
0000505f  timer_startTimer               
00005117  timer_stopClock                
000050af  timer_stopTimer                
00005035  timer_waitMicros               
00005001  timer_waitMillis               
000046c7  turn_clockwise                 
00004687  turn_counter_clockwise         
00005159  uart_init                      
000051fd  uart_receive                   
000051e1  uart_sendChar                  
0000524f  uart_sendStr                   
00005809  vsnprintf                      


GLOBAL SYMBOLS: SORTED BY Symbol Address 

address   name                           
-------   ----                           
00000000  __TI_static_base__             
00000000  g_pfnVectors                   
00000ab1  __TI_printfi                   
00001000  __STACK_SIZE                   
00001000  __SYSMEM_SIZE                  
000013ab  __mpu_init                     
000013ad  oi_alloc                       
000013b9  oi_free                        
000013c9  oi_init_noupdate               
000013ed  oi_init                        
00001403  oi_close                       
00001415  oi_update                      
00001467  oi_parsePacket                 
00001961  oi_setLeds                     
000019a5  oi_setWheels                   
000019e7  oi_loadSong                    
00001a3d  oi_play_song                   
00001a51  go_charge                      
00001a5f  oi_uartInit                    
00001ae7  oi_uartSendChar                
00001b03  oi_uartReceive                 
00001b2b  oi_uartSendStr                 
00001b49  oi_uartSendBuff                
00001b7b  oi_checkFirmware               
00001c31  oi_shutoff_init                
00001ca3  GPIOF_Handler                  
00001cc5  getDegrees                     
00001e31  pow                            
00001e31  powl                           
000027dd  __kernel_rem_pio2              
00002f15  sin                            
00002f15  sinl                           
000034d9  sweep                          
0000354b  get_width                      
000035a3  get_objects                    
000036b5  point_to_objects               
000036f7  get_min                        
000037a9  handle_move                    
0000391f  main                           
00003a45  minit                          
00003ac5  malloc                         
00003b2f  free                           
00003bef  realloc                        
00003cf9  memalign                       
00003de5  calloc                         
00003e15  lcd_init                       
00003ed5  lcd_putc                       
00003f0d  lcd_puts                       
00003f2b  lcd_sendCommand                
00003f69  lcd_sendNibble                 
00003fad  lcd_gotoLine                   
00003fd5  lcd_setCursorPos               
00004013  lcd_printf                     
00004101  sonar_init                     
0000419f  send_pulse                     
00004209  TIMER3B_Handler                
00004269  ping_getDistance               
00004331  __aeabi_uldivmod               
00004525  move_forward                   
0000463d  move_backward                  
00004687  turn_counter_clockwise         
000046c7  turn_clockwise                 
00004711  __aeabi_dsub                   
0000471b  __aeabi_dadd                   
000048c7  _system_post_cinit             
000048c9  ir_init                        
00004941  ir_read                        
00004977  getDistance                    
00004a45  __kernel_sin                   
00004bb9  sqrt                           
00004bb9  sqrtl                          
00004d29  servo_init                     
00004df5  move_servo                     
00004e95  __kernel_cos                   
00005001  timer_waitMillis               
00005035  timer_waitMicros               
0000505f  timer_startTimer               
000050af  timer_stopTimer                
000050c5  timer_startClock               
00005111  timer_getClock                 
00005117  timer_stopClock                
00005159  uart_init                      
000051e1  uart_sendChar                  
000051fd  uart_receive                   
0000524f  uart_sendStr                   
000052ad  __aeabi_ddiv                   
000053e3  __aeabi_dmul                   
000054e1  ldexp                          
000054e1  ldexpl                         
000054e1  scalbn                         
000054e1  scalbnl                        
000055dd  floor                          
000055dd  floorl                         
000056d5  __aeabi_memcpy                 
000056d5  __aeabi_memcpy4                
000056d5  __aeabi_memcpy8                
000056d5  memcpy                         
00005771  HOSTtime64                     
000057bf  HOSTtime                       
00005809  vsnprintf                      
00005891  __aeabi_cdcmpeq                
00005891  __aeabi_cdcmple                
00005917  __aeabi_cdrcmple               
0000599d  __aeabi_memclr                 
0000599d  __aeabi_memclr4                
0000599d  __aeabi_memclr8                
0000599f  __aeabi_memset                 
0000599f  __aeabi_memset4                
0000599f  __aeabi_memset8                
000059a5  memset                         
00005a19  __TI_auto_init                 
00005a89  __aeabi_d2f                    
00005af7  __TI_decompress_lzss           
00005b61  __TI_writemsg                  
00005b8f  C$$IO$$                        
00005b93  __TI_readmsg                   
00005bc9  frexp                          
00005bc9  frexpl                         
00005c2d  sprintf                        
00005c8d  _c_int00                       
00005ce1  C$$EXIT                        
00005ce5  abort                          
00005ced  exit                           
00005d35  ltoa                           
00005d89  atoi                           
00005dd5  copy_in                        
00005e21  __aeabi_d2iz                   
00005e69  __aeabi_f2d                    
00005ea1  IntRegister                    
00005ed5  __aeabi_i2d                    
00005f03  memccpy                        
00005f1f  oi_parseInt                    
00005f39  _args_main                     
00005f51  strcmp                         
00005f69  strchr                         
00005f81  _register_unlock               
00005f87  _register_lock                 
00005f8f  _nop                           
00005f95  copysign                       
00005f95  copysignl                      
00005fa9  strcpy                         
00005fbd  strlen                         
00005fd1  IntMasterEnable                
00005fe1  lcd_clear                      
00005ff1  __TI_decompress_none           
00005fff  __time32                       
00005fff  time                           
0000600d  CPUcpsie                       
00006019  __TI_zero_init                 
00006025  ResetISR                       
00006031  _system_pre_init               
00006190  _ctypes_                       
000062fc  __TI_Handler_Table_Base        
00006308  __TI_Handler_Table_Limit       
00006318  __TI_CINIT_Base                
00006330  __TI_CINIT_Limit               
20000000  g_pfnRAMVectors                
2000026c  __stack                        
2000046c  __STACK_TOP                    
2000126c  __STACK_END                    
20001270  _sys_memory                    
20002270  ir_distance                    
200023dc  sonar_Distance                 
20002548  __CIOBUF_                      
20002668  objects                        
20002774  parmbuf                        
2000277c  fallingEdge                    
20002780  pulseLength                    
20002784  pulse_width                    
20002788  risingEdge                     
2000278c  state                          
200027a0  __TI_cleanup_ptr               
200027a4  __TI_dtors_ptr                 
200027a8  __TI_enable_exit_profile_output
200027b8  _lock                          
200027bc  _unlock                        
200027c0  errno                          
200027c4  main_func_sp                   
ffffffff  __TI_pprof_out_hndl            
ffffffff  __TI_prof_data_size            
ffffffff  __TI_prof_data_start           
ffffffff  __binit__                      
ffffffff  __c_args__                     
ffffffff  binit                          
UNDEFED   SHT$$INIT_ARRAY$$Base          
UNDEFED   SHT$$INIT_ARRAY$$Limit         

[186 symbols]
